[     676ms] [LOG] Component: Header23 @ https://www.epam.com/etc.clientlibs/epam-core/clientlibs/epam-core-internal.lc-247ae6655b829dc4e5a69bea57706b7e-lc.min.js:95
[     676ms] [LOG] Component: Theme Switcher @ https://www.epam.com/etc.clientlibs/epam-core/clientlibs/epam-core-internal.lc-247ae6655b829dc4e5a69bea57706b7e-lc.min.js:95
[     676ms] [LOG] Component: Theme Switcher @ https://www.epam.com/etc.clientlibs/epam-core/clientlibs/epam-core-internal.lc-247ae6655b829dc4e5a69bea57706b7e-lc.min.js:95
[     688ms] [LOG] Component: Hamburger Menu 23 @ https://www.epam.com/etc.clientlibs/epam-core/clientlibs/epam-core-internal.lc-247ae6655b829dc4e5a69bea57706b7e-lc.min.js:95
[     688ms] [LOG] Component: Location Selector Mobile @ https://www.epam.com/etc.clientlibs/epam-core/clientlibs/epam-core-internal.lc-247ae6655b829dc4e5a69bea57706b7e-lc.min.js:95
[     739ms] [LOG] Component: Top Navigation 23 @ https://www.epam.com/etc.clientlibs/epam-core/clientlibs/epam-core-internal.lc-247ae6655b829dc4e5a69bea57706b7e-lc.min.js:95
[     740ms] [LOG] Component: Location Selector @ https://www.epam.com/etc.clientlibs/epam-core/clientlibs/epam-core-internal.lc-247ae6655b829dc4e5a69bea57706b7e-lc.min.js:95
[     740ms] [LOG] Component: Header Search 23 @ https://www.epam.com/etc.clientlibs/epam-core/clientlibs/epam-core-internal.lc-247ae6655b829dc4e5a69bea57706b7e-lc.min.js:95
[     745ms] [LOG] Component: Frequent Searches 23 @ https://www.epam.com/etc.clientlibs/epam-core/clientlibs/epam-core-internal.lc-247ae6655b829dc4e5a69bea57706b7e-lc.min.js:95
[     746ms] [LOG] Component: Slider23 @ https://www.epam.com/etc.clientlibs/epam-core/clientlibs/epam-core-internal.lc-247ae6655b829dc4e5a69bea57706b7e-lc.min.js:95
[     747ms] [LOG] Component: Slider23 @ https://www.epam.com/etc.clientlibs/epam-core/clientlibs/epam-core-internal.lc-247ae6655b829dc4e5a69bea57706b7e-lc.min.js:95
[     747ms] [LOG] Component: Slider23 @ https://www.epam.com/etc.clientlibs/epam-core/clientlibs/epam-core-internal.lc-247ae6655b829dc4e5a69bea57706b7e-lc.min.js:95
[     747ms] [LOG] Component: Slider23 @ https://www.epam.com/etc.clientlibs/epam-core/clientlibs/epam-core-internal.lc-247ae6655b829dc4e5a69bea57706b7e-lc.min.js:95
[     749ms] [LOG] Component: Text23 @ https://www.epam.com/etc.clientlibs/epam-core/clientlibs/epam-core-internal.lc-247ae6655b829dc4e5a69bea57706b7e-lc.min.js:95
[     751ms] [LOG] Component: Text23 @ https://www.epam.com/etc.clientlibs/epam-core/clientlibs/epam-core-internal.lc-247ae6655b829dc4e5a69bea57706b7e-lc.min.js:95
[     752ms] [LOG] Component: Text23 @ https://www.epam.com/etc.clientlibs/epam-core/clientlibs/epam-core-internal.lc-247ae6655b829dc4e5a69bea57706b7e-lc.min.js:95
[     754ms] [LOG] Component: Text23 @ https://www.epam.com/etc.clientlibs/epam-core/clientlibs/epam-core-internal.lc-247ae6655b829dc4e5a69bea57706b7e-lc.min.js:95
[     756ms] [LOG] Component: Text23 @ https://www.epam.com/etc.clientlibs/epam-core/clientlibs/epam-core-internal.lc-247ae6655b829dc4e5a69bea57706b7e-lc.min.js:95
[     758ms] [LOG] Component: Text23 @ https://www.epam.com/etc.clientlibs/epam-core/clientlibs/epam-core-internal.lc-247ae6655b829dc4e5a69bea57706b7e-lc.min.js:95
[     760ms] [LOG] Component: Text23 @ https://www.epam.com/etc.clientlibs/epam-core/clientlibs/epam-core-internal.lc-247ae6655b829dc4e5a69bea57706b7e-lc.min.js:95
[     763ms] [LOG] Component: Text23 @ https://www.epam.com/etc.clientlibs/epam-core/clientlibs/epam-core-internal.lc-247ae6655b829dc4e5a69bea57706b7e-lc.min.js:95
[     763ms] [LOG] Component: Text23 @ https://www.epam.com/etc.clientlibs/epam-core/clientlibs/epam-core-internal.lc-247ae6655b829dc4e5a69bea57706b7e-lc.min.js:95
[     763ms] [LOG] Component: Text23 @ https://www.epam.com/etc.clientlibs/epam-core/clientlibs/epam-core-internal.lc-247ae6655b829dc4e5a69bea57706b7e-lc.min.js:95
[     764ms] [LOG] Component: Text23 @ https://www.epam.com/etc.clientlibs/epam-core/clientlibs/epam-core-internal.lc-247ae6655b829dc4e5a69bea57706b7e-lc.min.js:95
[     764ms] [LOG] Component: Text23 @ https://www.epam.com/etc.clientlibs/epam-core/clientlibs/epam-core-internal.lc-247ae6655b829dc4e5a69bea57706b7e-lc.min.js:95
[     766ms] [LOG] Component: Text23 @ https://www.epam.com/etc.clientlibs/epam-core/clientlibs/epam-core-internal.lc-247ae6655b829dc4e5a69bea57706b7e-lc.min.js:95
[     766ms] [LOG] Component: Text23 @ https://www.epam.com/etc.clientlibs/epam-core/clientlibs/epam-core-internal.lc-247ae6655b829dc4e5a69bea57706b7e-lc.min.js:95
[     767ms] [LOG] Component: Text23 @ https://www.epam.com/etc.clientlibs/epam-core/clientlibs/epam-core-internal.lc-247ae6655b829dc4e5a69bea57706b7e-lc.min.js:95
[     768ms] [LOG] Component: Text23 @ https://www.epam.com/etc.clientlibs/epam-core/clientlibs/epam-core-internal.lc-247ae6655b829dc4e5a69bea57706b7e-lc.min.js:95
[     769ms] [LOG] Component: Text23 @ https://www.epam.com/etc.clientlibs/epam-core/clientlibs/epam-core-internal.lc-247ae6655b829dc4e5a69bea57706b7e-lc.min.js:95
[     769ms] [LOG] Component: Text23 @ https://www.epam.com/etc.clientlibs/epam-core/clientlibs/epam-core-internal.lc-247ae6655b829dc4e5a69bea57706b7e-lc.min.js:95
[     771ms] [LOG] Component: Text23 @ https://www.epam.com/etc.clientlibs/epam-core/clientlibs/epam-core-internal.lc-247ae6655b829dc4e5a69bea57706b7e-lc.min.js:95
[     771ms] [LOG] Component: Text23 @ https://www.epam.com/etc.clientlibs/epam-core/clientlibs/epam-core-internal.lc-247ae6655b829dc4e5a69bea57706b7e-lc.min.js:95
[     773ms] [LOG] Component: Text23 @ https://www.epam.com/etc.clientlibs/epam-core/clientlibs/epam-core-internal.lc-247ae6655b829dc4e5a69bea57706b7e-lc.min.js:95
[     773ms] [LOG] Component: Text23 @ https://www.epam.com/etc.clientlibs/epam-core/clientlibs/epam-core-internal.lc-247ae6655b829dc4e5a69bea57706b7e-lc.min.js:95
[     774ms] [LOG] Component: Text23 @ https://www.epam.com/etc.clientlibs/epam-core/clientlibs/epam-core-internal.lc-247ae6655b829dc4e5a69bea57706b7e-lc.min.js:95
[     775ms] [LOG] Component: Text23 @ https://www.epam.com/etc.clientlibs/epam-core/clientlibs/epam-core-internal.lc-247ae6655b829dc4e5a69bea57706b7e-lc.min.js:95
[     775ms] [LOG] Component: Text23 @ https://www.epam.com/etc.clientlibs/epam-core/clientlibs/epam-core-internal.lc-247ae6655b829dc4e5a69bea57706b7e-lc.min.js:95
[     775ms] [LOG] Component: Text23 @ https://www.epam.com/etc.clientlibs/epam-core/clientlibs/epam-core-internal.lc-247ae6655b829dc4e5a69bea57706b7e-lc.min.js:95
[     775ms] [LOG] Component: Text23 @ https://www.epam.com/etc.clientlibs/epam-core/clientlibs/epam-core-internal.lc-247ae6655b829dc4e5a69bea57706b7e-lc.min.js:95
[     775ms] [LOG] Component: Text23 @ https://www.epam.com/etc.clientlibs/epam-core/clientlibs/epam-core-internal.lc-247ae6655b829dc4e5a69bea57706b7e-lc.min.js:95
[     775ms] [LOG] Component: Text23 @ https://www.epam.com/etc.clientlibs/epam-core/clientlibs/epam-core-internal.lc-247ae6655b829dc4e5a69bea57706b7e-lc.min.js:95
[     775ms] [LOG] Component: Text23 @ https://www.epam.com/etc.clientlibs/epam-core/clientlibs/epam-core-internal.lc-247ae6655b829dc4e5a69bea57706b7e-lc.min.js:95
[     775ms] [LOG] Component: Text23 @ https://www.epam.com/etc.clientlibs/epam-core/clientlibs/epam-core-internal.lc-247ae6655b829dc4e5a69bea57706b7e-lc.min.js:95
[     775ms] [LOG] Component: Text23 @ https://www.epam.com/etc.clientlibs/epam-core/clientlibs/epam-core-internal.lc-247ae6655b829dc4e5a69bea57706b7e-lc.min.js:95
[     775ms] [LOG] Component: Text23 @ https://www.epam.com/etc.clientlibs/epam-core/clientlibs/epam-core-internal.lc-247ae6655b829dc4e5a69bea57706b7e-lc.min.js:95
[     775ms] [LOG] Component: Text23 @ https://www.epam.com/etc.clientlibs/epam-core/clientlibs/epam-core-internal.lc-247ae6655b829dc4e5a69bea57706b7e-lc.min.js:95
[     776ms] [LOG] Component: Text23 @ https://www.epam.com/etc.clientlibs/epam-core/clientlibs/epam-core-internal.lc-247ae6655b829dc4e5a69bea57706b7e-lc.min.js:95
[     776ms] [LOG] Component: Text23 @ https://www.epam.com/etc.clientlibs/epam-core/clientlibs/epam-core-internal.lc-247ae6655b829dc4e5a69bea57706b7e-lc.min.js:95
[     776ms] [LOG] Component: Text23 @ https://www.epam.com/etc.clientlibs/epam-core/clientlibs/epam-core-internal.lc-247ae6655b829dc4e5a69bea57706b7e-lc.min.js:95
[     776ms] [LOG] Component: Text23 @ https://www.epam.com/etc.clientlibs/epam-core/clientlibs/epam-core-internal.lc-247ae6655b829dc4e5a69bea57706b7e-lc.min.js:95
[     776ms] [LOG] Component: Text23 @ https://www.epam.com/etc.clientlibs/epam-core/clientlibs/epam-core-internal.lc-247ae6655b829dc4e5a69bea57706b7e-lc.min.js:95
[     777ms] [LOG] Component: Text23 @ https://www.epam.com/etc.clientlibs/epam-core/clientlibs/epam-core-internal.lc-247ae6655b829dc4e5a69bea57706b7e-lc.min.js:95
[     777ms] [LOG] Component: Text23 @ https://www.epam.com/etc.clientlibs/epam-core/clientlibs/epam-core-internal.lc-247ae6655b829dc4e5a69bea57706b7e-lc.min.js:95
[     777ms] [LOG] Component: Text23 @ https://www.epam.com/etc.clientlibs/epam-core/clientlibs/epam-core-internal.lc-247ae6655b829dc4e5a69bea57706b7e-lc.min.js:95
[     777ms] [LOG] Component: Text23 @ https://www.epam.com/etc.clientlibs/epam-core/clientlibs/epam-core-internal.lc-247ae6655b829dc4e5a69bea57706b7e-lc.min.js:95
[     777ms] [LOG] Component: Text23 @ https://www.epam.com/etc.clientlibs/epam-core/clientlibs/epam-core-internal.lc-247ae6655b829dc4e5a69bea57706b7e-lc.min.js:95
[     777ms] [LOG] Component: Text23 @ https://www.epam.com/etc.clientlibs/epam-core/clientlibs/epam-core-internal.lc-247ae6655b829dc4e5a69bea57706b7e-lc.min.js:95
[     777ms] [LOG] Component: Text23 @ https://www.epam.com/etc.clientlibs/epam-core/clientlibs/epam-core-internal.lc-247ae6655b829dc4e5a69bea57706b7e-lc.min.js:95
[     778ms] [LOG] Component: Text23 @ https://www.epam.com/etc.clientlibs/epam-core/clientlibs/epam-core-internal.lc-247ae6655b829dc4e5a69bea57706b7e-lc.min.js:95
[     778ms] [LOG] Component: Text23 @ https://www.epam.com/etc.clientlibs/epam-core/clientlibs/epam-core-internal.lc-247ae6655b829dc4e5a69bea57706b7e-lc.min.js:95
[     778ms] [LOG] Component: Text23 @ https://www.epam.com/etc.clientlibs/epam-core/clientlibs/epam-core-internal.lc-247ae6655b829dc4e5a69bea57706b7e-lc.min.js:95
[     778ms] [LOG] Component: Text23 @ https://www.epam.com/etc.clientlibs/epam-core/clientlibs/epam-core-internal.lc-247ae6655b829dc4e5a69bea57706b7e-lc.min.js:95
[     778ms] [LOG] Component: Text23 @ https://www.epam.com/etc.clientlibs/epam-core/clientlibs/epam-core-internal.lc-247ae6655b829dc4e5a69bea57706b7e-lc.min.js:95
[     778ms] [LOG] Component: Text23 @ https://www.epam.com/etc.clientlibs/epam-core/clientlibs/epam-core-internal.lc-247ae6655b829dc4e5a69bea57706b7e-lc.min.js:95
[     778ms] [LOG] Component: Text23 @ https://www.epam.com/etc.clientlibs/epam-core/clientlibs/epam-core-internal.lc-247ae6655b829dc4e5a69bea57706b7e-lc.min.js:95
[     778ms] [LOG] Component: Text23 @ https://www.epam.com/etc.clientlibs/epam-core/clientlibs/epam-core-internal.lc-247ae6655b829dc4e5a69bea57706b7e-lc.min.js:95
[     778ms] [LOG] Component: Text23 @ https://www.epam.com/etc.clientlibs/epam-core/clientlibs/epam-core-internal.lc-247ae6655b829dc4e5a69bea57706b7e-lc.min.js:95
[     779ms] [LOG] Component: Text23 @ https://www.epam.com/etc.clientlibs/epam-core/clientlibs/epam-core-internal.lc-247ae6655b829dc4e5a69bea57706b7e-lc.min.js:95
[     779ms] [LOG] Component: Text23 @ https://www.epam.com/etc.clientlibs/epam-core/clientlibs/epam-core-internal.lc-247ae6655b829dc4e5a69bea57706b7e-lc.min.js:95
[     779ms] [LOG] Component: Text23 @ https://www.epam.com/etc.clientlibs/epam-core/clientlibs/epam-core-internal.lc-247ae6655b829dc4e5a69bea57706b7e-lc.min.js:95
[     779ms] [LOG] Component: Text23 @ https://www.epam.com/etc.clientlibs/epam-core/clientlibs/epam-core-internal.lc-247ae6655b829dc4e5a69bea57706b7e-lc.min.js:95
[     779ms] [LOG] Component: Text23 @ https://www.epam.com/etc.clientlibs/epam-core/clientlibs/epam-core-internal.lc-247ae6655b829dc4e5a69bea57706b7e-lc.min.js:95
[     779ms] [LOG] Component: Text23 @ https://www.epam.com/etc.clientlibs/epam-core/clientlibs/epam-core-internal.lc-247ae6655b829dc4e5a69bea57706b7e-lc.min.js:95
[     779ms] [LOG] Component: Text23 @ https://www.epam.com/etc.clientlibs/epam-core/clientlibs/epam-core-internal.lc-247ae6655b829dc4e5a69bea57706b7e-lc.min.js:95
[     779ms] [LOG] Component: Text23 @ https://www.epam.com/etc.clientlibs/epam-core/clientlibs/epam-core-internal.lc-247ae6655b829dc4e5a69bea57706b7e-lc.min.js:95
[     780ms] [LOG] Component: Text23 @ https://www.epam.com/etc.clientlibs/epam-core/clientlibs/epam-core-internal.lc-247ae6655b829dc4e5a69bea57706b7e-lc.min.js:95
[     783ms] [LOG] Component: Section @ https://www.epam.com/etc.clientlibs/epam-core/clientlibs/epam-core-internal.lc-247ae6655b829dc4e5a69bea57706b7e-lc.min.js:95
[     783ms] [LOG] Component: Section @ https://www.epam.com/etc.clientlibs/epam-core/clientlibs/epam-core-internal.lc-247ae6655b829dc4e5a69bea57706b7e-lc.min.js:95
[     783ms] [LOG] Component: Section @ https://www.epam.com/etc.clientlibs/epam-core/clientlibs/epam-core-internal.lc-247ae6655b829dc4e5a69bea57706b7e-lc.min.js:95
[     783ms] [LOG] Component: Section @ https://www.epam.com/etc.clientlibs/epam-core/clientlibs/epam-core-internal.lc-247ae6655b829dc4e5a69bea57706b7e-lc.min.js:95
[     783ms] [LOG] Component: Section @ https://www.epam.com/etc.clientlibs/epam-core/clientlibs/epam-core-internal.lc-247ae6655b829dc4e5a69bea57706b7e-lc.min.js:95
[     784ms] [LOG] Component: Section @ https://www.epam.com/etc.clientlibs/epam-core/clientlibs/epam-core-internal.lc-247ae6655b829dc4e5a69bea57706b7e-lc.min.js:95
[     784ms] [LOG] Component: Section @ https://www.epam.com/etc.clientlibs/epam-core/clientlibs/epam-core-internal.lc-247ae6655b829dc4e5a69bea57706b7e-lc.min.js:95
[     784ms] [LOG] Component: Section @ https://www.epam.com/etc.clientlibs/epam-core/clientlibs/epam-core-internal.lc-247ae6655b829dc4e5a69bea57706b7e-lc.min.js:95
[     785ms] [LOG] Component: Section @ https://www.epam.com/etc.clientlibs/epam-core/clientlibs/epam-core-internal.lc-247ae6655b829dc4e5a69bea57706b7e-lc.min.js:95
[     785ms] [LOG] Component: Section @ https://www.epam.com/etc.clientlibs/epam-core/clientlibs/epam-core-internal.lc-247ae6655b829dc4e5a69bea57706b7e-lc.min.js:95
[     785ms] [LOG] Component: Section @ https://www.epam.com/etc.clientlibs/epam-core/clientlibs/epam-core-internal.lc-247ae6655b829dc4e5a69bea57706b7e-lc.min.js:95
[     785ms] [LOG] Component: Section @ https://www.epam.com/etc.clientlibs/epam-core/clientlibs/epam-core-internal.lc-247ae6655b829dc4e5a69bea57706b7e-lc.min.js:95
[     785ms] [LOG] Component: Section @ https://www.epam.com/etc.clientlibs/epam-core/clientlibs/epam-core-internal.lc-247ae6655b829dc4e5a69bea57706b7e-lc.min.js:95
[     786ms] [LOG] Component: Scrolling Infographic 23 @ https://www.epam.com/etc.clientlibs/epam-core/clientlibs/epam-core-internal.lc-247ae6655b829dc4e5a69bea57706b7e-lc.min.js:95
[     786ms] [LOG] Component: Column Control 23 @ https://www.epam.com/etc.clientlibs/epam-core/clientlibs/epam-core-internal.lc-247ae6655b829dc4e5a69bea57706b7e-lc.min.js:95
[     787ms] [LOG] Component: Column Control 23 @ https://www.epam.com/etc.clientlibs/epam-core/clientlibs/epam-core-internal.lc-247ae6655b829dc4e5a69bea57706b7e-lc.min.js:95
[     790ms] [LOG] Component: Tabs-23 @ https://www.epam.com/etc.clientlibs/epam-core/clientlibs/epam-core-internal.lc-247ae6655b829dc4e5a69bea57706b7e-lc.min.js:95
[     800ms] [LOG] Component: Locations Viewer 23 @ https://www.epam.com/etc.clientlibs/epam-core/clientlibs/epam-core-internal.lc-247ae6655b829dc4e5a69bea57706b7e-lc.min.js:95
[     817ms] [LOG] Component: Locations Viewer 23 @ https://www.epam.com/etc.clientlibs/epam-core/clientlibs/epam-core-internal.lc-247ae6655b829dc4e5a69bea57706b7e-lc.min.js:95
[     824ms] [LOG] Component: Locations Viewer 23 @ https://www.epam.com/etc.clientlibs/epam-core/clientlibs/epam-core-internal.lc-247ae6655b829dc4e5a69bea57706b7e-lc.min.js:95
[     825ms] [LOG] Component: Responsive Image 23 @ https://www.epam.com/etc.clientlibs/epam-core/clientlibs/epam-core-internal.lc-247ae6655b829dc4e5a69bea57706b7e-lc.min.js:95
[     826ms] [LOG] Component: Responsive Image 23 @ https://www.epam.com/etc.clientlibs/epam-core/clientlibs/epam-core-internal.lc-247ae6655b829dc4e5a69bea57706b7e-lc.min.js:95
[     826ms] [LOG] Component: Footer23 @ https://www.epam.com/etc.clientlibs/epam-core/clientlibs/epam-core-internal.lc-247ae6655b829dc4e5a69bea57706b7e-lc.min.js:95
[  860403ms] [LOG] Component: Header23 @ https://www.epam.com/etc.clientlibs/epam-core/clientlibs/epam-core-internal.lc-247ae6655b829dc4e5a69bea57706b7e-lc.min.js:95
[  860403ms] [LOG] Component: Theme Switcher @ https://www.epam.com/etc.clientlibs/epam-core/clientlibs/epam-core-internal.lc-247ae6655b829dc4e5a69bea57706b7e-lc.min.js:95
[  860403ms] [LOG] Component: Theme Switcher @ https://www.epam.com/etc.clientlibs/epam-core/clientlibs/epam-core-internal.lc-247ae6655b829dc4e5a69bea57706b7e-lc.min.js:95
[  860416ms] [LOG] Component: Hamburger Menu 23 @ https://www.epam.com/etc.clientlibs/epam-core/clientlibs/epam-core-internal.lc-247ae6655b829dc4e5a69bea57706b7e-lc.min.js:95
[  860417ms] [LOG] Component: Location Selector Mobile @ https://www.epam.com/etc.clientlibs/epam-core/clientlibs/epam-core-internal.lc-247ae6655b829dc4e5a69bea57706b7e-lc.min.js:95
[  860489ms] [LOG] Component: Top Navigation 23 @ https://www.epam.com/etc.clientlibs/epam-core/clientlibs/epam-core-internal.lc-247ae6655b829dc4e5a69bea57706b7e-lc.min.js:95
[  860490ms] [LOG] Component: Location Selector @ https://www.epam.com/etc.clientlibs/epam-core/clientlibs/epam-core-internal.lc-247ae6655b829dc4e5a69bea57706b7e-lc.min.js:95
[  860490ms] [LOG] Component: Header Search 23 @ https://www.epam.com/etc.clientlibs/epam-core/clientlibs/epam-core-internal.lc-247ae6655b829dc4e5a69bea57706b7e-lc.min.js:95
[  860494ms] [LOG] Component: Frequent Searches 23 @ https://www.epam.com/etc.clientlibs/epam-core/clientlibs/epam-core-internal.lc-247ae6655b829dc4e5a69bea57706b7e-lc.min.js:95
[  860496ms] [LOG] Component: Slider23 @ https://www.epam.com/etc.clientlibs/epam-core/clientlibs/epam-core-internal.lc-247ae6655b829dc4e5a69bea57706b7e-lc.min.js:95
[  860497ms] [LOG] Component: Slider23 @ https://www.epam.com/etc.clientlibs/epam-core/clientlibs/epam-core-internal.lc-247ae6655b829dc4e5a69bea57706b7e-lc.min.js:95
[  860497ms] [LOG] Component: Slider23 @ https://www.epam.com/etc.clientlibs/epam-core/clientlibs/epam-core-internal.lc-247ae6655b829dc4e5a69bea57706b7e-lc.min.js:95
[  860498ms] [LOG] Component: Slider23 @ https://www.epam.com/etc.clientlibs/epam-core/clientlibs/epam-core-internal.lc-247ae6655b829dc4e5a69bea57706b7e-lc.min.js:95
[  860501ms] [LOG] Component: Text23 @ https://www.epam.com/etc.clientlibs/epam-core/clientlibs/epam-core-internal.lc-247ae6655b829dc4e5a69bea57706b7e-lc.min.js:95
[  860503ms] [LOG] Component: Text23 @ https://www.epam.com/etc.clientlibs/epam-core/clientlibs/epam-core-internal.lc-247ae6655b829dc4e5a69bea57706b7e-lc.min.js:95
[  860505ms] [LOG] Component: Text23 @ https://www.epam.com/etc.clientlibs/epam-core/clientlibs/epam-core-internal.lc-247ae6655b829dc4e5a69bea57706b7e-lc.min.js:95
[  860510ms] [LOG] Component: Text23 @ https://www.epam.com/etc.clientlibs/epam-core/clientlibs/epam-core-internal.lc-247ae6655b829dc4e5a69bea57706b7e-lc.min.js:95
[  860513ms] [LOG] Component: Text23 @ https://www.epam.com/etc.clientlibs/epam-core/clientlibs/epam-core-internal.lc-247ae6655b829dc4e5a69bea57706b7e-lc.min.js:95
[  860515ms] [LOG] Component: Text23 @ https://www.epam.com/etc.clientlibs/epam-core/clientlibs/epam-core-internal.lc-247ae6655b829dc4e5a69bea57706b7e-lc.min.js:95
[  860520ms] [LOG] Component: Text23 @ https://www.epam.com/etc.clientlibs/epam-core/clientlibs/epam-core-internal.lc-247ae6655b829dc4e5a69bea57706b7e-lc.min.js:95
[  860526ms] [LOG] Component: Text23 @ https://www.epam.com/etc.clientlibs/epam-core/clientlibs/epam-core-internal.lc-247ae6655b829dc4e5a69bea57706b7e-lc.min.js:95
[  860526ms] [LOG] Component: Text23 @ https://www.epam.com/etc.clientlibs/epam-core/clientlibs/epam-core-internal.lc-247ae6655b829dc4e5a69bea57706b7e-lc.min.js:95
[  860527ms] [LOG] Component: Text23 @ https://www.epam.com/etc.clientlibs/epam-core/clientlibs/epam-core-internal.lc-247ae6655b829dc4e5a69bea57706b7e-lc.min.js:95
[  860528ms] [LOG] Component: Text23 @ https://www.epam.com/etc.clientlibs/epam-core/clientlibs/epam-core-internal.lc-247ae6655b829dc4e5a69bea57706b7e-lc.min.js:95
[  860529ms] [LOG] Component: Text23 @ https://www.epam.com/etc.clientlibs/epam-core/clientlibs/epam-core-internal.lc-247ae6655b829dc4e5a69bea57706b7e-lc.min.js:95
[  860533ms] [LOG] Component: Text23 @ https://www.epam.com/etc.clientlibs/epam-core/clientlibs/epam-core-internal.lc-247ae6655b829dc4e5a69bea57706b7e-lc.min.js:95
[  860533ms] [LOG] Component: Text23 @ https://www.epam.com/etc.clientlibs/epam-core/clientlibs/epam-core-internal.lc-247ae6655b829dc4e5a69bea57706b7e-lc.min.js:95
[  860536ms] [LOG] Component: Text23 @ https://www.epam.com/etc.clientlibs/epam-core/clientlibs/epam-core-internal.lc-247ae6655b829dc4e5a69bea57706b7e-lc.min.js:95
[  860537ms] [LOG] Component: Text23 @ https://www.epam.com/etc.clientlibs/epam-core/clientlibs/epam-core-internal.lc-247ae6655b829dc4e5a69bea57706b7e-lc.min.js:95
[  860540ms] [LOG] Component: Text23 @ https://www.epam.com/etc.clientlibs/epam-core/clientlibs/epam-core-internal.lc-247ae6655b829dc4e5a69bea57706b7e-lc.min.js:95
[  860541ms] [LOG] Component: Text23 @ https://www.epam.com/etc.clientlibs/epam-core/clientlibs/epam-core-internal.lc-247ae6655b829dc4e5a69bea57706b7e-lc.min.js:95
[  860544ms] [LOG] Component: Text23 @ https://www.epam.com/etc.clientlibs/epam-core/clientlibs/epam-core-internal.lc-247ae6655b829dc4e5a69bea57706b7e-lc.min.js:95
[  860544ms] [LOG] Component: Text23 @ https://www.epam.com/etc.clientlibs/epam-core/clientlibs/epam-core-internal.lc-247ae6655b829dc4e5a69bea57706b7e-lc.min.js:95
[  860548ms] [LOG] Component: Text23 @ https://www.epam.com/etc.clientlibs/epam-core/clientlibs/epam-core-internal.lc-247ae6655b829dc4e5a69bea57706b7e-lc.min.js:95
[  860548ms] [LOG] Component: Text23 @ https://www.epam.com/etc.clientlibs/epam-core/clientlibs/epam-core-internal.lc-247ae6655b829dc4e5a69bea57706b7e-lc.min.js:95
[  860552ms] [LOG] Component: Text23 @ https://www.epam.com/etc.clientlibs/epam-core/clientlibs/epam-core-internal.lc-247ae6655b829dc4e5a69bea57706b7e-lc.min.js:95
[  860552ms] [LOG] Component: Text23 @ https://www.epam.com/etc.clientlibs/epam-core/clientlibs/epam-core-internal.lc-247ae6655b829dc4e5a69bea57706b7e-lc.min.js:95
[  860553ms] [LOG] Component: Text23 @ https://www.epam.com/etc.clientlibs/epam-core/clientlibs/epam-core-internal.lc-247ae6655b829dc4e5a69bea57706b7e-lc.min.js:95
[  860553ms] [LOG] Component: Text23 @ https://www.epam.com/etc.clientlibs/epam-core/clientlibs/epam-core-internal.lc-247ae6655b829dc4e5a69bea57706b7e-lc.min.js:95
[  860553ms] [LOG] Component: Text23 @ https://www.epam.com/etc.clientlibs/epam-core/clientlibs/epam-core-internal.lc-247ae6655b829dc4e5a69bea57706b7e-lc.min.js:95
[  860553ms] [LOG] Component: Text23 @ https://www.epam.com/etc.clientlibs/epam-core/clientlibs/epam-core-internal.lc-247ae6655b829dc4e5a69bea57706b7e-lc.min.js:95
[  860554ms] [LOG] Component: Text23 @ https://www.epam.com/etc.clientlibs/epam-core/clientlibs/epam-core-internal.lc-247ae6655b829dc4e5a69bea57706b7e-lc.min.js:95
[  860554ms] [LOG] Component: Text23 @ https://www.epam.com/etc.clientlibs/epam-core/clientlibs/epam-core-internal.lc-247ae6655b829dc4e5a69bea57706b7e-lc.min.js:95
[  860554ms] [LOG] Component: Text23 @ https://www.epam.com/etc.clientlibs/epam-core/clientlibs/epam-core-internal.lc-247ae6655b829dc4e5a69bea57706b7e-lc.min.js:95
[  860554ms] [LOG] Component: Text23 @ https://www.epam.com/etc.clientlibs/epam-core/clientlibs/epam-core-internal.lc-247ae6655b829dc4e5a69bea57706b7e-lc.min.js:95
[  860555ms] [LOG] Component: Text23 @ https://www.epam.com/etc.clientlibs/epam-core/clientlibs/epam-core-internal.lc-247ae6655b829dc4e5a69bea57706b7e-lc.min.js:95
[  860555ms] [LOG] Component: Text23 @ https://www.epam.com/etc.clientlibs/epam-core/clientlibs/epam-core-internal.lc-247ae6655b829dc4e5a69bea57706b7e-lc.min.js:95
[  860555ms] [LOG] Component: Text23 @ https://www.epam.com/etc.clientlibs/epam-core/clientlibs/epam-core-internal.lc-247ae6655b829dc4e5a69bea57706b7e-lc.min.js:95
[  860555ms] [LOG] Component: Text23 @ https://www.epam.com/etc.clientlibs/epam-core/clientlibs/epam-core-internal.lc-247ae6655b829dc4e5a69bea57706b7e-lc.min.js:95
[  860555ms] [LOG] Component: Text23 @ https://www.epam.com/etc.clientlibs/epam-core/clientlibs/epam-core-internal.lc-247ae6655b829dc4e5a69bea57706b7e-lc.min.js:95
[  860556ms] [LOG] Component: Text23 @ https://www.epam.com/etc.clientlibs/epam-core/clientlibs/epam-core-internal.lc-247ae6655b829dc4e5a69bea57706b7e-lc.min.js:95
[  860556ms] [LOG] Component: Text23 @ https://www.epam.com/etc.clientlibs/epam-core/clientlibs/epam-core-internal.lc-247ae6655b829dc4e5a69bea57706b7e-lc.min.js:95
[  860556ms] [LOG] Component: Text23 @ https://www.epam.com/etc.clientlibs/epam-core/clientlibs/epam-core-internal.lc-247ae6655b829dc4e5a69bea57706b7e-lc.min.js:95
[  860557ms] [LOG] Component: Text23 @ https://www.epam.com/etc.clientlibs/epam-core/clientlibs/epam-core-internal.lc-247ae6655b829dc4e5a69bea57706b7e-lc.min.js:95
[  860558ms] [LOG] Component: Text23 @ https://www.epam.com/etc.clientlibs/epam-core/clientlibs/epam-core-internal.lc-247ae6655b829dc4e5a69bea57706b7e-lc.min.js:95
[  860558ms] [LOG] Component: Text23 @ https://www.epam.com/etc.clientlibs/epam-core/clientlibs/epam-core-internal.lc-247ae6655b829dc4e5a69bea57706b7e-lc.min.js:95
[  860558ms] [LOG] Component: Text23 @ https://www.epam.com/etc.clientlibs/epam-core/clientlibs/epam-core-internal.lc-247ae6655b829dc4e5a69bea57706b7e-lc.min.js:95
[  860559ms] [LOG] Component: Text23 @ https://www.epam.com/etc.clientlibs/epam-core/clientlibs/epam-core-internal.lc-247ae6655b829dc4e5a69bea57706b7e-lc.min.js:95
[  860559ms] [LOG] Component: Text23 @ https://www.epam.com/etc.clientlibs/epam-core/clientlibs/epam-core-internal.lc-247ae6655b829dc4e5a69bea57706b7e-lc.min.js:95
[  860559ms] [LOG] Component: Text23 @ https://www.epam.com/etc.clientlibs/epam-core/clientlibs/epam-core-internal.lc-247ae6655b829dc4e5a69bea57706b7e-lc.min.js:95
[  860560ms] [LOG] Component: Text23 @ https://www.epam.com/etc.clientlibs/epam-core/clientlibs/epam-core-internal.lc-247ae6655b829dc4e5a69bea57706b7e-lc.min.js:95
[  860560ms] [LOG] Component: Text23 @ https://www.epam.com/etc.clientlibs/epam-core/clientlibs/epam-core-internal.lc-247ae6655b829dc4e5a69bea57706b7e-lc.min.js:95
[  860560ms] [LOG] Component: Text23 @ https://www.epam.com/etc.clientlibs/epam-core/clientlibs/epam-core-internal.lc-247ae6655b829dc4e5a69bea57706b7e-lc.min.js:95
[  860560ms] [LOG] Component: Text23 @ https://www.epam.com/etc.clientlibs/epam-core/clientlibs/epam-core-internal.lc-247ae6655b829dc4e5a69bea57706b7e-lc.min.js:95
[  860561ms] [LOG] Component: Text23 @ https://www.epam.com/etc.clientlibs/epam-core/clientlibs/epam-core-internal.lc-247ae6655b829dc4e5a69bea57706b7e-lc.min.js:95
[  860561ms] [LOG] Component: Text23 @ https://www.epam.com/etc.clientlibs/epam-core/clientlibs/epam-core-internal.lc-247ae6655b829dc4e5a69bea57706b7e-lc.min.js:95
[  860561ms] [LOG] Component: Text23 @ https://www.epam.com/etc.clientlibs/epam-core/clientlibs/epam-core-internal.lc-247ae6655b829dc4e5a69bea57706b7e-lc.min.js:95
[  860561ms] [LOG] Component: Text23 @ https://www.epam.com/etc.clientlibs/epam-core/clientlibs/epam-core-internal.lc-247ae6655b829dc4e5a69bea57706b7e-lc.min.js:95
[  860562ms] [LOG] Component: Text23 @ https://www.epam.com/etc.clientlibs/epam-core/clientlibs/epam-core-internal.lc-247ae6655b829dc4e5a69bea57706b7e-lc.min.js:95
[  860562ms] [LOG] Component: Text23 @ https://www.epam.com/etc.clientlibs/epam-core/clientlibs/epam-core-internal.lc-247ae6655b829dc4e5a69bea57706b7e-lc.min.js:95
[  860563ms] [LOG] Component: Text23 @ https://www.epam.com/etc.clientlibs/epam-core/clientlibs/epam-core-internal.lc-247ae6655b829dc4e5a69bea57706b7e-lc.min.js:95
[  860563ms] [LOG] Component: Text23 @ https://www.epam.com/etc.clientlibs/epam-core/clientlibs/epam-core-internal.lc-247ae6655b829dc4e5a69bea57706b7e-lc.min.js:95
[  860563ms] [LOG] Component: Text23 @ https://www.epam.com/etc.clientlibs/epam-core/clientlibs/epam-core-internal.lc-247ae6655b829dc4e5a69bea57706b7e-lc.min.js:95
[  860564ms] [LOG] Component: Text23 @ https://www.epam.com/etc.clientlibs/epam-core/clientlibs/epam-core-internal.lc-247ae6655b829dc4e5a69bea57706b7e-lc.min.js:95
[  860564ms] [LOG] Component: Text23 @ https://www.epam.com/etc.clientlibs/epam-core/clientlibs/epam-core-internal.lc-247ae6655b829dc4e5a69bea57706b7e-lc.min.js:95
[  860564ms] [LOG] Component: Text23 @ https://www.epam.com/etc.clientlibs/epam-core/clientlibs/epam-core-internal.lc-247ae6655b829dc4e5a69bea57706b7e-lc.min.js:95
[  860565ms] [LOG] Component: Text23 @ https://www.epam.com/etc.clientlibs/epam-core/clientlibs/epam-core-internal.lc-247ae6655b829dc4e5a69bea57706b7e-lc.min.js:95
[  860568ms] [LOG] Component: Section @ https://www.epam.com/etc.clientlibs/epam-core/clientlibs/epam-core-internal.lc-247ae6655b829dc4e5a69bea57706b7e-lc.min.js:95
[  860569ms] [LOG] Component: Section @ https://www.epam.com/etc.clientlibs/epam-core/clientlibs/epam-core-internal.lc-247ae6655b829dc4e5a69bea57706b7e-lc.min.js:95
[  860569ms] [LOG] Component: Section @ https://www.epam.com/etc.clientlibs/epam-core/clientlibs/epam-core-internal.lc-247ae6655b829dc4e5a69bea57706b7e-lc.min.js:95
[  860570ms] [LOG] Component: Section @ https://www.epam.com/etc.clientlibs/epam-core/clientlibs/epam-core-internal.lc-247ae6655b829dc4e5a69bea57706b7e-lc.min.js:95
[  860570ms] [LOG] Component: Section @ https://www.epam.com/etc.clientlibs/epam-core/clientlibs/epam-core-internal.lc-247ae6655b829dc4e5a69bea57706b7e-lc.min.js:95
[  860571ms] [LOG] Component: Section @ https://www.epam.com/etc.clientlibs/epam-core/clientlibs/epam-core-internal.lc-247ae6655b829dc4e5a69bea57706b7e-lc.min.js:95
[  860571ms] [LOG] Component: Section @ https://www.epam.com/etc.clientlibs/epam-core/clientlibs/epam-core-internal.lc-247ae6655b829dc4e5a69bea57706b7e-lc.min.js:95
[  860572ms] [LOG] Component: Section @ https://www.epam.com/etc.clientlibs/epam-core/clientlibs/epam-core-internal.lc-247ae6655b829dc4e5a69bea57706b7e-lc.min.js:95
[  860573ms] [LOG] Component: Section @ https://www.epam.com/etc.clientlibs/epam-core/clientlibs/epam-core-internal.lc-247ae6655b829dc4e5a69bea57706b7e-lc.min.js:95
[  860574ms] [LOG] Component: Section @ https://www.epam.com/etc.clientlibs/epam-core/clientlibs/epam-core-internal.lc-247ae6655b829dc4e5a69bea57706b7e-lc.min.js:95
[  860574ms] [LOG] Component: Section @ https://www.epam.com/etc.clientlibs/epam-core/clientlibs/epam-core-internal.lc-247ae6655b829dc4e5a69bea57706b7e-lc.min.js:95
[  860574ms] [LOG] Component: Section @ https://www.epam.com/etc.clientlibs/epam-core/clientlibs/epam-core-internal.lc-247ae6655b829dc4e5a69bea57706b7e-lc.min.js:95
[  860574ms] [LOG] Component: Section @ https://www.epam.com/etc.clientlibs/epam-core/clientlibs/epam-core-internal.lc-247ae6655b829dc4e5a69bea57706b7e-lc.min.js:95
[  860575ms] [LOG] Component: Scrolling Infographic 23 @ https://www.epam.com/etc.clientlibs/epam-core/clientlibs/epam-core-internal.lc-247ae6655b829dc4e5a69bea57706b7e-lc.min.js:95
[  860576ms] [LOG] Component: Column Control 23 @ https://www.epam.com/etc.clientlibs/epam-core/clientlibs/epam-core-internal.lc-247ae6655b829dc4e5a69bea57706b7e-lc.min.js:95
[  860576ms] [LOG] Component: Column Control 23 @ https://www.epam.com/etc.clientlibs/epam-core/clientlibs/epam-core-internal.lc-247ae6655b829dc4e5a69bea57706b7e-lc.min.js:95
[  860582ms] [LOG] Component: Tabs-23 @ https://www.epam.com/etc.clientlibs/epam-core/clientlibs/epam-core-internal.lc-247ae6655b829dc4e5a69bea57706b7e-lc.min.js:95
[  860601ms] [LOG] Component: Locations Viewer 23 @ https://www.epam.com/etc.clientlibs/epam-core/clientlibs/epam-core-internal.lc-247ae6655b829dc4e5a69bea57706b7e-lc.min.js:95
[  860633ms] [LOG] Component: Locations Viewer 23 @ https://www.epam.com/etc.clientlibs/epam-core/clientlibs/epam-core-internal.lc-247ae6655b829dc4e5a69bea57706b7e-lc.min.js:95
[  860643ms] [LOG] Component: Locations Viewer 23 @ https://www.epam.com/etc.clientlibs/epam-core/clientlibs/epam-core-internal.lc-247ae6655b829dc4e5a69bea57706b7e-lc.min.js:95
[  860645ms] [LOG] Component: Responsive Image 23 @ https://www.epam.com/etc.clientlibs/epam-core/clientlibs/epam-core-internal.lc-247ae6655b829dc4e5a69bea57706b7e-lc.min.js:95
[  860646ms] [LOG] Component: Responsive Image 23 @ https://www.epam.com/etc.clientlibs/epam-core/clientlibs/epam-core-internal.lc-247ae6655b829dc4e5a69bea57706b7e-lc.min.js:95
[  860647ms] [LOG] Component: Footer23 @ https://www.epam.com/etc.clientlibs/epam-core/clientlibs/epam-core-internal.lc-247ae6655b829dc4e5a69bea57706b7e-lc.min.js:95
[ 1311268ms] [LOG] Component: Header23 @ https://www.epam.com/etc.clientlibs/epam-core/clientlibs/epam-core-internal.lc-247ae6655b829dc4e5a69bea57706b7e-lc.min.js:95
[ 1311269ms] [LOG] Component: Theme Switcher @ https://www.epam.com/etc.clientlibs/epam-core/clientlibs/epam-core-internal.lc-247ae6655b829dc4e5a69bea57706b7e-lc.min.js:95
[ 1311269ms] [LOG] Component: Theme Switcher @ https://www.epam.com/etc.clientlibs/epam-core/clientlibs/epam-core-internal.lc-247ae6655b829dc4e5a69bea57706b7e-lc.min.js:95
[ 1311284ms] [LOG] Component: Hamburger Menu 23 @ https://www.epam.com/etc.clientlibs/epam-core/clientlibs/epam-core-internal.lc-247ae6655b829dc4e5a69bea57706b7e-lc.min.js:95
[ 1311284ms] [LOG] Component: Location Selector Mobile @ https://www.epam.com/etc.clientlibs/epam-core/clientlibs/epam-core-internal.lc-247ae6655b829dc4e5a69bea57706b7e-lc.min.js:95
[ 1311371ms] [LOG] Component: Top Navigation 23 @ https://www.epam.com/etc.clientlibs/epam-core/clientlibs/epam-core-internal.lc-247ae6655b829dc4e5a69bea57706b7e-lc.min.js:95
[ 1311371ms] [LOG] Component: Location Selector @ https://www.epam.com/etc.clientlibs/epam-core/clientlibs/epam-core-internal.lc-247ae6655b829dc4e5a69bea57706b7e-lc.min.js:95
[ 1311372ms] [LOG] Component: Header Search 23 @ https://www.epam.com/etc.clientlibs/epam-core/clientlibs/epam-core-internal.lc-247ae6655b829dc4e5a69bea57706b7e-lc.min.js:95
[ 1311374ms] [LOG] Component: Frequent Searches 23 @ https://www.epam.com/etc.clientlibs/epam-core/clientlibs/epam-core-internal.lc-247ae6655b829dc4e5a69bea57706b7e-lc.min.js:95
[ 1311376ms] [LOG] Component: Slider23 @ https://www.epam.com/etc.clientlibs/epam-core/clientlibs/epam-core-internal.lc-247ae6655b829dc4e5a69bea57706b7e-lc.min.js:95
[ 1311377ms] [LOG] Component: Slider23 @ https://www.epam.com/etc.clientlibs/epam-core/clientlibs/epam-core-internal.lc-247ae6655b829dc4e5a69bea57706b7e-lc.min.js:95
[ 1311377ms] [LOG] Component: Slider23 @ https://www.epam.com/etc.clientlibs/epam-core/clientlibs/epam-core-internal.lc-247ae6655b829dc4e5a69bea57706b7e-lc.min.js:95
[ 1311378ms] [LOG] Component: Slider23 @ https://www.epam.com/etc.clientlibs/epam-core/clientlibs/epam-core-internal.lc-247ae6655b829dc4e5a69bea57706b7e-lc.min.js:95
[ 1311381ms] [LOG] Component: Text23 @ https://www.epam.com/etc.clientlibs/epam-core/clientlibs/epam-core-internal.lc-247ae6655b829dc4e5a69bea57706b7e-lc.min.js:95
[ 1311383ms] [LOG] Component: Text23 @ https://www.epam.com/etc.clientlibs/epam-core/clientlibs/epam-core-internal.lc-247ae6655b829dc4e5a69bea57706b7e-lc.min.js:95
[ 1311386ms] [LOG] Component: Text23 @ https://www.epam.com/etc.clientlibs/epam-core/clientlibs/epam-core-internal.lc-247ae6655b829dc4e5a69bea57706b7e-lc.min.js:95
[ 1311391ms] [LOG] Component: Text23 @ https://www.epam.com/etc.clientlibs/epam-core/clientlibs/epam-core-internal.lc-247ae6655b829dc4e5a69bea57706b7e-lc.min.js:95
[ 1311396ms] [LOG] Component: Text23 @ https://www.epam.com/etc.clientlibs/epam-core/clientlibs/epam-core-internal.lc-247ae6655b829dc4e5a69bea57706b7e-lc.min.js:95
[ 1311399ms] [LOG] Component: Text23 @ https://www.epam.com/etc.clientlibs/epam-core/clientlibs/epam-core-internal.lc-247ae6655b829dc4e5a69bea57706b7e-lc.min.js:95
[ 1311404ms] [LOG] Component: Text23 @ https://www.epam.com/etc.clientlibs/epam-core/clientlibs/epam-core-internal.lc-247ae6655b829dc4e5a69bea57706b7e-lc.min.js:95
[ 1311408ms] [LOG] Component: Text23 @ https://www.epam.com/etc.clientlibs/epam-core/clientlibs/epam-core-internal.lc-247ae6655b829dc4e5a69bea57706b7e-lc.min.js:95
[ 1311408ms] [LOG] Component: Text23 @ https://www.epam.com/etc.clientlibs/epam-core/clientlibs/epam-core-internal.lc-247ae6655b829dc4e5a69bea57706b7e-lc.min.js:95
[ 1311408ms] [LOG] Component: Text23 @ https://www.epam.com/etc.clientlibs/epam-core/clientlibs/epam-core-internal.lc-247ae6655b829dc4e5a69bea57706b7e-lc.min.js:95
[ 1311410ms] [LOG] Component: Text23 @ https://www.epam.com/etc.clientlibs/epam-core/clientlibs/epam-core-internal.lc-247ae6655b829dc4e5a69bea57706b7e-lc.min.js:95
[ 1311410ms] [LOG] Component: Text23 @ https://www.epam.com/etc.clientlibs/epam-core/clientlibs/epam-core-internal.lc-247ae6655b829dc4e5a69bea57706b7e-lc.min.js:95
[ 1311412ms] [LOG] Component: Text23 @ https://www.epam.com/etc.clientlibs/epam-core/clientlibs/epam-core-internal.lc-247ae6655b829dc4e5a69bea57706b7e-lc.min.js:95
[ 1311413ms] [LOG] Component: Text23 @ https://www.epam.com/etc.clientlibs/epam-core/clientlibs/epam-core-internal.lc-247ae6655b829dc4e5a69bea57706b7e-lc.min.js:95
[ 1311415ms] [LOG] Component: Text23 @ https://www.epam.com/etc.clientlibs/epam-core/clientlibs/epam-core-internal.lc-247ae6655b829dc4e5a69bea57706b7e-lc.min.js:95
[ 1311416ms] [LOG] Component: Text23 @ https://www.epam.com/etc.clientlibs/epam-core/clientlibs/epam-core-internal.lc-247ae6655b829dc4e5a69bea57706b7e-lc.min.js:95
[ 1311418ms] [LOG] Component: Text23 @ https://www.epam.com/etc.clientlibs/epam-core/clientlibs/epam-core-internal.lc-247ae6655b829dc4e5a69bea57706b7e-lc.min.js:95
[ 1311419ms] [LOG] Component: Text23 @ https://www.epam.com/etc.clientlibs/epam-core/clientlibs/epam-core-internal.lc-247ae6655b829dc4e5a69bea57706b7e-lc.min.js:95
[ 1311422ms] [LOG] Component: Text23 @ https://www.epam.com/etc.clientlibs/epam-core/clientlibs/epam-core-internal.lc-247ae6655b829dc4e5a69bea57706b7e-lc.min.js:95
[ 1311422ms] [LOG] Component: Text23 @ https://www.epam.com/etc.clientlibs/epam-core/clientlibs/epam-core-internal.lc-247ae6655b829dc4e5a69bea57706b7e-lc.min.js:95
[ 1311426ms] [LOG] Component: Text23 @ https://www.epam.com/etc.clientlibs/epam-core/clientlibs/epam-core-internal.lc-247ae6655b829dc4e5a69bea57706b7e-lc.min.js:95
[ 1311427ms] [LOG] Component: Text23 @ https://www.epam.com/etc.clientlibs/epam-core/clientlibs/epam-core-internal.lc-247ae6655b829dc4e5a69bea57706b7e-lc.min.js:95
[ 1311429ms] [LOG] Component: Text23 @ https://www.epam.com/etc.clientlibs/epam-core/clientlibs/epam-core-internal.lc-247ae6655b829dc4e5a69bea57706b7e-lc.min.js:95
[ 1311430ms] [LOG] Component: Text23 @ https://www.epam.com/etc.clientlibs/epam-core/clientlibs/epam-core-internal.lc-247ae6655b829dc4e5a69bea57706b7e-lc.min.js:95
[ 1311430ms] [LOG] Component: Text23 @ https://www.epam.com/etc.clientlibs/epam-core/clientlibs/epam-core-internal.lc-247ae6655b829dc4e5a69bea57706b7e-lc.min.js:95
[ 1311431ms] [LOG] Component: Text23 @ https://www.epam.com/etc.clientlibs/epam-core/clientlibs/epam-core-internal.lc-247ae6655b829dc4e5a69bea57706b7e-lc.min.js:95
[ 1311431ms] [LOG] Component: Text23 @ https://www.epam.com/etc.clientlibs/epam-core/clientlibs/epam-core-internal.lc-247ae6655b829dc4e5a69bea57706b7e-lc.min.js:95
[ 1311431ms] [LOG] Component: Text23 @ https://www.epam.com/etc.clientlibs/epam-core/clientlibs/epam-core-internal.lc-247ae6655b829dc4e5a69bea57706b7e-lc.min.js:95
[ 1311432ms] [LOG] Component: Text23 @ https://www.epam.com/etc.clientlibs/epam-core/clientlibs/epam-core-internal.lc-247ae6655b829dc4e5a69bea57706b7e-lc.min.js:95
[ 1311432ms] [LOG] Component: Text23 @ https://www.epam.com/etc.clientlibs/epam-core/clientlibs/epam-core-internal.lc-247ae6655b829dc4e5a69bea57706b7e-lc.min.js:95
[ 1311432ms] [LOG] Component: Text23 @ https://www.epam.com/etc.clientlibs/epam-core/clientlibs/epam-core-internal.lc-247ae6655b829dc4e5a69bea57706b7e-lc.min.js:95
[ 1311432ms] [LOG] Component: Text23 @ https://www.epam.com/etc.clientlibs/epam-core/clientlibs/epam-core-internal.lc-247ae6655b829dc4e5a69bea57706b7e-lc.min.js:95
[ 1311432ms] [LOG] Component: Text23 @ https://www.epam.com/etc.clientlibs/epam-core/clientlibs/epam-core-internal.lc-247ae6655b829dc4e5a69bea57706b7e-lc.min.js:95
[ 1311433ms] [LOG] Component: Text23 @ https://www.epam.com/etc.clientlibs/epam-core/clientlibs/epam-core-internal.lc-247ae6655b829dc4e5a69bea57706b7e-lc.min.js:95
[ 1311433ms] [LOG] Component: Text23 @ https://www.epam.com/etc.clientlibs/epam-core/clientlibs/epam-core-internal.lc-247ae6655b829dc4e5a69bea57706b7e-lc.min.js:95
[ 1311433ms] [LOG] Component: Text23 @ https://www.epam.com/etc.clientlibs/epam-core/clientlibs/epam-core-internal.lc-247ae6655b829dc4e5a69bea57706b7e-lc.min.js:95
[ 1311434ms] [LOG] Component: Text23 @ https://www.epam.com/etc.clientlibs/epam-core/clientlibs/epam-core-internal.lc-247ae6655b829dc4e5a69bea57706b7e-lc.min.js:95
[ 1311434ms] [LOG] Component: Text23 @ https://www.epam.com/etc.clientlibs/epam-core/clientlibs/epam-core-internal.lc-247ae6655b829dc4e5a69bea57706b7e-lc.min.js:95
[ 1311435ms] [LOG] Component: Text23 @ https://www.epam.com/etc.clientlibs/epam-core/clientlibs/epam-core-internal.lc-247ae6655b829dc4e5a69bea57706b7e-lc.min.js:95
[ 1311435ms] [LOG] Component: Text23 @ https://www.epam.com/etc.clientlibs/epam-core/clientlibs/epam-core-internal.lc-247ae6655b829dc4e5a69bea57706b7e-lc.min.js:95
[ 1311436ms] [LOG] Component: Text23 @ https://www.epam.com/etc.clientlibs/epam-core/clientlibs/epam-core-internal.lc-247ae6655b829dc4e5a69bea57706b7e-lc.min.js:95
[ 1311436ms] [LOG] Component: Text23 @ https://www.epam.com/etc.clientlibs/epam-core/clientlibs/epam-core-internal.lc-247ae6655b829dc4e5a69bea57706b7e-lc.min.js:95
[ 1311437ms] [LOG] Component: Text23 @ https://www.epam.com/etc.clientlibs/epam-core/clientlibs/epam-core-internal.lc-247ae6655b829dc4e5a69bea57706b7e-lc.min.js:95
[ 1311437ms] [LOG] Component: Text23 @ https://www.epam.com/etc.clientlibs/epam-core/clientlibs/epam-core-internal.lc-247ae6655b829dc4e5a69bea57706b7e-lc.min.js:95
[ 1311437ms] [LOG] Component: Text23 @ https://www.epam.com/etc.clientlibs/epam-core/clientlibs/epam-core-internal.lc-247ae6655b829dc4e5a69bea57706b7e-lc.min.js:95
[ 1311438ms] [LOG] Component: Text23 @ https://www.epam.com/etc.clientlibs/epam-core/clientlibs/epam-core-internal.lc-247ae6655b829dc4e5a69bea57706b7e-lc.min.js:95
[ 1311438ms] [LOG] Component: Text23 @ https://www.epam.com/etc.clientlibs/epam-core/clientlibs/epam-core-internal.lc-247ae6655b829dc4e5a69bea57706b7e-lc.min.js:95
[ 1311438ms] [LOG] Component: Text23 @ https://www.epam.com/etc.clientlibs/epam-core/clientlibs/epam-core-internal.lc-247ae6655b829dc4e5a69bea57706b7e-lc.min.js:95
[ 1311439ms] [LOG] Component: Text23 @ https://www.epam.com/etc.clientlibs/epam-core/clientlibs/epam-core-internal.lc-247ae6655b829dc4e5a69bea57706b7e-lc.min.js:95
[ 1311439ms] [LOG] Component: Text23 @ https://www.epam.com/etc.clientlibs/epam-core/clientlibs/epam-core-internal.lc-247ae6655b829dc4e5a69bea57706b7e-lc.min.js:95
[ 1311440ms] [LOG] Component: Text23 @ https://www.epam.com/etc.clientlibs/epam-core/clientlibs/epam-core-internal.lc-247ae6655b829dc4e5a69bea57706b7e-lc.min.js:95
[ 1311440ms] [LOG] Component: Text23 @ https://www.epam.com/etc.clientlibs/epam-core/clientlibs/epam-core-internal.lc-247ae6655b829dc4e5a69bea57706b7e-lc.min.js:95
[ 1311440ms] [LOG] Component: Text23 @ https://www.epam.com/etc.clientlibs/epam-core/clientlibs/epam-core-internal.lc-247ae6655b829dc4e5a69bea57706b7e-lc.min.js:95
[ 1311440ms] [LOG] Component: Text23 @ https://www.epam.com/etc.clientlibs/epam-core/clientlibs/epam-core-internal.lc-247ae6655b829dc4e5a69bea57706b7e-lc.min.js:95
[ 1311441ms] [LOG] Component: Text23 @ https://www.epam.com/etc.clientlibs/epam-core/clientlibs/epam-core-internal.lc-247ae6655b829dc4e5a69bea57706b7e-lc.min.js:95
[ 1311441ms] [LOG] Component: Text23 @ https://www.epam.com/etc.clientlibs/epam-core/clientlibs/epam-core-internal.lc-247ae6655b829dc4e5a69bea57706b7e-lc.min.js:95
[ 1311441ms] [LOG] Component: Text23 @ https://www.epam.com/etc.clientlibs/epam-core/clientlibs/epam-core-internal.lc-247ae6655b829dc4e5a69bea57706b7e-lc.min.js:95
[ 1311442ms] [LOG] Component: Text23 @ https://www.epam.com/etc.clientlibs/epam-core/clientlibs/epam-core-internal.lc-247ae6655b829dc4e5a69bea57706b7e-lc.min.js:95
[ 1311442ms] [LOG] Component: Text23 @ https://www.epam.com/etc.clientlibs/epam-core/clientlibs/epam-core-internal.lc-247ae6655b829dc4e5a69bea57706b7e-lc.min.js:95
[ 1311443ms] [LOG] Component: Text23 @ https://www.epam.com/etc.clientlibs/epam-core/clientlibs/epam-core-internal.lc-247ae6655b829dc4e5a69bea57706b7e-lc.min.js:95
[ 1311443ms] [LOG] Component: Text23 @ https://www.epam.com/etc.clientlibs/epam-core/clientlibs/epam-core-internal.lc-247ae6655b829dc4e5a69bea57706b7e-lc.min.js:95
[ 1311443ms] [LOG] Component: Text23 @ https://www.epam.com/etc.clientlibs/epam-core/clientlibs/epam-core-internal.lc-247ae6655b829dc4e5a69bea57706b7e-lc.min.js:95
[ 1311444ms] [LOG] Component: Text23 @ https://www.epam.com/etc.clientlibs/epam-core/clientlibs/epam-core-internal.lc-247ae6655b829dc4e5a69bea57706b7e-lc.min.js:95
[ 1311444ms] [LOG] Component: Text23 @ https://www.epam.com/etc.clientlibs/epam-core/clientlibs/epam-core-internal.lc-247ae6655b829dc4e5a69bea57706b7e-lc.min.js:95
[ 1311448ms] [LOG] Component: Section @ https://www.epam.com/etc.clientlibs/epam-core/clientlibs/epam-core-internal.lc-247ae6655b829dc4e5a69bea57706b7e-lc.min.js:95
[ 1311448ms] [LOG] Component: Section @ https://www.epam.com/etc.clientlibs/epam-core/clientlibs/epam-core-internal.lc-247ae6655b829dc4e5a69bea57706b7e-lc.min.js:95
[ 1311448ms] [LOG] Component: Section @ https://www.epam.com/etc.clientlibs/epam-core/clientlibs/epam-core-internal.lc-247ae6655b829dc4e5a69bea57706b7e-lc.min.js:95
[ 1311449ms] [LOG] Component: Section @ https://www.epam.com/etc.clientlibs/epam-core/clientlibs/epam-core-internal.lc-247ae6655b829dc4e5a69bea57706b7e-lc.min.js:95
[ 1311450ms] [LOG] Component: Section @ https://www.epam.com/etc.clientlibs/epam-core/clientlibs/epam-core-internal.lc-247ae6655b829dc4e5a69bea57706b7e-lc.min.js:95
[ 1311450ms] [LOG] Component: Section @ https://www.epam.com/etc.clientlibs/epam-core/clientlibs/epam-core-internal.lc-247ae6655b829dc4e5a69bea57706b7e-lc.min.js:95
[ 1311451ms] [LOG] Component: Section @ https://www.epam.com/etc.clientlibs/epam-core/clientlibs/epam-core-internal.lc-247ae6655b829dc4e5a69bea57706b7e-lc.min.js:95
[ 1311451ms] [LOG] Component: Section @ https://www.epam.com/etc.clientlibs/epam-core/clientlibs/epam-core-internal.lc-247ae6655b829dc4e5a69bea57706b7e-lc.min.js:95
[ 1311452ms] [LOG] Component: Section @ https://www.epam.com/etc.clientlibs/epam-core/clientlibs/epam-core-internal.lc-247ae6655b829dc4e5a69bea57706b7e-lc.min.js:95
[ 1311453ms] [LOG] Component: Section @ https://www.epam.com/etc.clientlibs/epam-core/clientlibs/epam-core-internal.lc-247ae6655b829dc4e5a69bea57706b7e-lc.min.js:95
[ 1311454ms] [LOG] Component: Section @ https://www.epam.com/etc.clientlibs/epam-core/clientlibs/epam-core-internal.lc-247ae6655b829dc4e5a69bea57706b7e-lc.min.js:95
[ 1311454ms] [LOG] Component: Section @ https://www.epam.com/etc.clientlibs/epam-core/clientlibs/epam-core-internal.lc-247ae6655b829dc4e5a69bea57706b7e-lc.min.js:95
[ 1311454ms] [LOG] Component: Section @ https://www.epam.com/etc.clientlibs/epam-core/clientlibs/epam-core-internal.lc-247ae6655b829dc4e5a69bea57706b7e-lc.min.js:95
[ 1311455ms] [LOG] Component: Scrolling Infographic 23 @ https://www.epam.com/etc.clientlibs/epam-core/clientlibs/epam-core-internal.lc-247ae6655b829dc4e5a69bea57706b7e-lc.min.js:95
[ 1311456ms] [LOG] Component: Column Control 23 @ https://www.epam.com/etc.clientlibs/epam-core/clientlibs/epam-core-internal.lc-247ae6655b829dc4e5a69bea57706b7e-lc.min.js:95
[ 1311456ms] [LOG] Component: Column Control 23 @ https://www.epam.com/etc.clientlibs/epam-core/clientlibs/epam-core-internal.lc-247ae6655b829dc4e5a69bea57706b7e-lc.min.js:95
[ 1311461ms] [LOG] Component: Tabs-23 @ https://www.epam.com/etc.clientlibs/epam-core/clientlibs/epam-core-internal.lc-247ae6655b829dc4e5a69bea57706b7e-lc.min.js:95
[ 1311479ms] [LOG] Component: Locations Viewer 23 @ https://www.epam.com/etc.clientlibs/epam-core/clientlibs/epam-core-internal.lc-247ae6655b829dc4e5a69bea57706b7e-lc.min.js:95
[ 1311515ms] [LOG] Component: Locations Viewer 23 @ https://www.epam.com/etc.clientlibs/epam-core/clientlibs/epam-core-internal.lc-247ae6655b829dc4e5a69bea57706b7e-lc.min.js:95
[ 1311524ms] [LOG] Component: Locations Viewer 23 @ https://www.epam.com/etc.clientlibs/epam-core/clientlibs/epam-core-internal.lc-247ae6655b829dc4e5a69bea57706b7e-lc.min.js:95
[ 1311525ms] [LOG] Component: Responsive Image 23 @ https://www.epam.com/etc.clientlibs/epam-core/clientlibs/epam-core-internal.lc-247ae6655b829dc4e5a69bea57706b7e-lc.min.js:95
[ 1311526ms] [LOG] Component: Responsive Image 23 @ https://www.epam.com/etc.clientlibs/epam-core/clientlibs/epam-core-internal.lc-247ae6655b829dc4e5a69bea57706b7e-lc.min.js:95
[ 1311526ms] [LOG] Component: Footer23 @ https://www.epam.com/etc.clientlibs/epam-core/clientlibs/epam-core-internal.lc-247ae6655b829dc4e5a69bea57706b7e-lc.min.js:95
[ 1428101ms] [LOG] Component: Header23 @ https://www.epam.com/etc.clientlibs/epam-core/clientlibs/epam-core-internal.lc-247ae6655b829dc4e5a69bea57706b7e-lc.min.js:95
[ 1428102ms] [LOG] Component: Theme Switcher @ https://www.epam.com/etc.clientlibs/epam-core/clientlibs/epam-core-internal.lc-247ae6655b829dc4e5a69bea57706b7e-lc.min.js:95
[ 1428102ms] [LOG] Component: Theme Switcher @ https://www.epam.com/etc.clientlibs/epam-core/clientlibs/epam-core-internal.lc-247ae6655b829dc4e5a69bea57706b7e-lc.min.js:95
[ 1428116ms] [LOG] Component: Hamburger Menu 23 @ https://www.epam.com/etc.clientlibs/epam-core/clientlibs/epam-core-internal.lc-247ae6655b829dc4e5a69bea57706b7e-lc.min.js:95
[ 1428117ms] [LOG] Component: Location Selector Mobile @ https://www.epam.com/etc.clientlibs/epam-core/clientlibs/epam-core-internal.lc-247ae6655b829dc4e5a69bea57706b7e-lc.min.js:95
[ 1428221ms] [LOG] Component: Top Navigation 23 @ https://www.epam.com/etc.clientlibs/epam-core/clientlibs/epam-core-internal.lc-247ae6655b829dc4e5a69bea57706b7e-lc.min.js:95
[ 1428222ms] [LOG] Component: Location Selector @ https://www.epam.com/etc.clientlibs/epam-core/clientlibs/epam-core-internal.lc-247ae6655b829dc4e5a69bea57706b7e-lc.min.js:95
[ 1428222ms] [LOG] Component: Header Search 23 @ https://www.epam.com/etc.clientlibs/epam-core/clientlibs/epam-core-internal.lc-247ae6655b829dc4e5a69bea57706b7e-lc.min.js:95
[ 1428227ms] [LOG] Component: Frequent Searches 23 @ https://www.epam.com/etc.clientlibs/epam-core/clientlibs/epam-core-internal.lc-247ae6655b829dc4e5a69bea57706b7e-lc.min.js:95
[ 1428229ms] [LOG] Component: Slider23 @ https://www.epam.com/etc.clientlibs/epam-core/clientlibs/epam-core-internal.lc-247ae6655b829dc4e5a69bea57706b7e-lc.min.js:95
[ 1428231ms] [LOG] Component: Slider23 @ https://www.epam.com/etc.clientlibs/epam-core/clientlibs/epam-core-internal.lc-247ae6655b829dc4e5a69bea57706b7e-lc.min.js:95
[ 1428231ms] [LOG] Component: Slider23 @ https://www.epam.com/etc.clientlibs/epam-core/clientlibs/epam-core-internal.lc-247ae6655b829dc4e5a69bea57706b7e-lc.min.js:95
[ 1428232ms] [LOG] Component: Slider23 @ https://www.epam.com/etc.clientlibs/epam-core/clientlibs/epam-core-internal.lc-247ae6655b829dc4e5a69bea57706b7e-lc.min.js:95
[ 1428235ms] [LOG] Component: Text23 @ https://www.epam.com/etc.clientlibs/epam-core/clientlibs/epam-core-internal.lc-247ae6655b829dc4e5a69bea57706b7e-lc.min.js:95
[ 1428237ms] [LOG] Component: Text23 @ https://www.epam.com/etc.clientlibs/epam-core/clientlibs/epam-core-internal.lc-247ae6655b829dc4e5a69bea57706b7e-lc.min.js:95
[ 1428239ms] [LOG] Component: Text23 @ https://www.epam.com/etc.clientlibs/epam-core/clientlibs/epam-core-internal.lc-247ae6655b829dc4e5a69bea57706b7e-lc.min.js:95
[ 1428243ms] [LOG] Component: Text23 @ https://www.epam.com/etc.clientlibs/epam-core/clientlibs/epam-core-internal.lc-247ae6655b829dc4e5a69bea57706b7e-lc.min.js:95
[ 1428247ms] [LOG] Component: Text23 @ https://www.epam.com/etc.clientlibs/epam-core/clientlibs/epam-core-internal.lc-247ae6655b829dc4e5a69bea57706b7e-lc.min.js:95
[ 1428250ms] [LOG] Component: Text23 @ https://www.epam.com/etc.clientlibs/epam-core/clientlibs/epam-core-internal.lc-247ae6655b829dc4e5a69bea57706b7e-lc.min.js:95
[ 1428255ms] [LOG] Component: Text23 @ https://www.epam.com/etc.clientlibs/epam-core/clientlibs/epam-core-internal.lc-247ae6655b829dc4e5a69bea57706b7e-lc.min.js:95
[ 1428260ms] [LOG] Component: Text23 @ https://www.epam.com/etc.clientlibs/epam-core/clientlibs/epam-core-internal.lc-247ae6655b829dc4e5a69bea57706b7e-lc.min.js:95
[ 1428260ms] [LOG] Component: Text23 @ https://www.epam.com/etc.clientlibs/epam-core/clientlibs/epam-core-internal.lc-247ae6655b829dc4e5a69bea57706b7e-lc.min.js:95
[ 1428260ms] [LOG] Component: Text23 @ https://www.epam.com/etc.clientlibs/epam-core/clientlibs/epam-core-internal.lc-247ae6655b829dc4e5a69bea57706b7e-lc.min.js:95
[ 1428261ms] [LOG] Component: Text23 @ https://www.epam.com/etc.clientlibs/epam-core/clientlibs/epam-core-internal.lc-247ae6655b829dc4e5a69bea57706b7e-lc.min.js:95
[ 1428262ms] [LOG] Component: Text23 @ https://www.epam.com/etc.clientlibs/epam-core/clientlibs/epam-core-internal.lc-247ae6655b829dc4e5a69bea57706b7e-lc.min.js:95
[ 1428265ms] [LOG] Component: Text23 @ https://www.epam.com/etc.clientlibs/epam-core/clientlibs/epam-core-internal.lc-247ae6655b829dc4e5a69bea57706b7e-lc.min.js:95
[ 1428266ms] [LOG] Component: Text23 @ https://www.epam.com/etc.clientlibs/epam-core/clientlibs/epam-core-internal.lc-247ae6655b829dc4e5a69bea57706b7e-lc.min.js:95
[ 1428269ms] [LOG] Component: Text23 @ https://www.epam.com/etc.clientlibs/epam-core/clientlibs/epam-core-internal.lc-247ae6655b829dc4e5a69bea57706b7e-lc.min.js:95
[ 1428269ms] [LOG] Component: Text23 @ https://www.epam.com/etc.clientlibs/epam-core/clientlibs/epam-core-internal.lc-247ae6655b829dc4e5a69bea57706b7e-lc.min.js:95
[ 1428274ms] [LOG] Component: Text23 @ https://www.epam.com/etc.clientlibs/epam-core/clientlibs/epam-core-internal.lc-247ae6655b829dc4e5a69bea57706b7e-lc.min.js:95
[ 1428274ms] [LOG] Component: Text23 @ https://www.epam.com/etc.clientlibs/epam-core/clientlibs/epam-core-internal.lc-247ae6655b829dc4e5a69bea57706b7e-lc.min.js:95
[ 1428277ms] [LOG] Component: Text23 @ https://www.epam.com/etc.clientlibs/epam-core/clientlibs/epam-core-internal.lc-247ae6655b829dc4e5a69bea57706b7e-lc.min.js:95
[ 1428277ms] [LOG] Component: Text23 @ https://www.epam.com/etc.clientlibs/epam-core/clientlibs/epam-core-internal.lc-247ae6655b829dc4e5a69bea57706b7e-lc.min.js:95
[ 1428278ms] [LOG] Component: Text23 @ https://www.epam.com/etc.clientlibs/epam-core/clientlibs/epam-core-internal.lc-247ae6655b829dc4e5a69bea57706b7e-lc.min.js:95
[ 1428279ms] [LOG] Component: Text23 @ https://www.epam.com/etc.clientlibs/epam-core/clientlibs/epam-core-internal.lc-247ae6655b829dc4e5a69bea57706b7e-lc.min.js:95
[ 1428282ms] [LOG] Component: Text23 @ https://www.epam.com/etc.clientlibs/epam-core/clientlibs/epam-core-internal.lc-247ae6655b829dc4e5a69bea57706b7e-lc.min.js:95
[ 1428283ms] [LOG] Component: Text23 @ https://www.epam.com/etc.clientlibs/epam-core/clientlibs/epam-core-internal.lc-247ae6655b829dc4e5a69bea57706b7e-lc.min.js:95
[ 1428283ms] [LOG] Component: Text23 @ https://www.epam.com/etc.clientlibs/epam-core/clientlibs/epam-core-internal.lc-247ae6655b829dc4e5a69bea57706b7e-lc.min.js:95
[ 1428284ms] [LOG] Component: Text23 @ https://www.epam.com/etc.clientlibs/epam-core/clientlibs/epam-core-internal.lc-247ae6655b829dc4e5a69bea57706b7e-lc.min.js:95
[ 1428284ms] [LOG] Component: Text23 @ https://www.epam.com/etc.clientlibs/epam-core/clientlibs/epam-core-internal.lc-247ae6655b829dc4e5a69bea57706b7e-lc.min.js:95
[ 1428284ms] [LOG] Component: Text23 @ https://www.epam.com/etc.clientlibs/epam-core/clientlibs/epam-core-internal.lc-247ae6655b829dc4e5a69bea57706b7e-lc.min.js:95
[ 1428285ms] [LOG] Component: Text23 @ https://www.epam.com/etc.clientlibs/epam-core/clientlibs/epam-core-internal.lc-247ae6655b829dc4e5a69bea57706b7e-lc.min.js:95
[ 1428285ms] [LOG] Component: Text23 @ https://www.epam.com/etc.clientlibs/epam-core/clientlibs/epam-core-internal.lc-247ae6655b829dc4e5a69bea57706b7e-lc.min.js:95
[ 1428285ms] [LOG] Component: Text23 @ https://www.epam.com/etc.clientlibs/epam-core/clientlibs/epam-core-internal.lc-247ae6655b829dc4e5a69bea57706b7e-lc.min.js:95
[ 1428286ms] [LOG] Component: Text23 @ https://www.epam.com/etc.clientlibs/epam-core/clientlibs/epam-core-internal.lc-247ae6655b829dc4e5a69bea57706b7e-lc.min.js:95
[ 1428286ms] [LOG] Component: Text23 @ https://www.epam.com/etc.clientlibs/epam-core/clientlibs/epam-core-internal.lc-247ae6655b829dc4e5a69bea57706b7e-lc.min.js:95
[ 1428286ms] [LOG] Component: Text23 @ https://www.epam.com/etc.clientlibs/epam-core/clientlibs/epam-core-internal.lc-247ae6655b829dc4e5a69bea57706b7e-lc.min.js:95
[ 1428286ms] [LOG] Component: Text23 @ https://www.epam.com/etc.clientlibs/epam-core/clientlibs/epam-core-internal.lc-247ae6655b829dc4e5a69bea57706b7e-lc.min.js:95
[ 1428286ms] [LOG] Component: Text23 @ https://www.epam.com/etc.clientlibs/epam-core/clientlibs/epam-core-internal.lc-247ae6655b829dc4e5a69bea57706b7e-lc.min.js:95
[ 1428287ms] [LOG] Component: Text23 @ https://www.epam.com/etc.clientlibs/epam-core/clientlibs/epam-core-internal.lc-247ae6655b829dc4e5a69bea57706b7e-lc.min.js:95
[ 1428287ms] [LOG] Component: Text23 @ https://www.epam.com/etc.clientlibs/epam-core/clientlibs/epam-core-internal.lc-247ae6655b829dc4e5a69bea57706b7e-lc.min.js:95
[ 1428287ms] [LOG] Component: Text23 @ https://www.epam.com/etc.clientlibs/epam-core/clientlibs/epam-core-internal.lc-247ae6655b829dc4e5a69bea57706b7e-lc.min.js:95
[ 1428287ms] [LOG] Component: Text23 @ https://www.epam.com/etc.clientlibs/epam-core/clientlibs/epam-core-internal.lc-247ae6655b829dc4e5a69bea57706b7e-lc.min.js:95
[ 1428288ms] [LOG] Component: Text23 @ https://www.epam.com/etc.clientlibs/epam-core/clientlibs/epam-core-internal.lc-247ae6655b829dc4e5a69bea57706b7e-lc.min.js:95
[ 1428288ms] [LOG] Component: Text23 @ https://www.epam.com/etc.clientlibs/epam-core/clientlibs/epam-core-internal.lc-247ae6655b829dc4e5a69bea57706b7e-lc.min.js:95
[ 1428288ms] [LOG] Component: Text23 @ https://www.epam.com/etc.clientlibs/epam-core/clientlibs/epam-core-internal.lc-247ae6655b829dc4e5a69bea57706b7e-lc.min.js:95
[ 1428289ms] [LOG] Component: Text23 @ https://www.epam.com/etc.clientlibs/epam-core/clientlibs/epam-core-internal.lc-247ae6655b829dc4e5a69bea57706b7e-lc.min.js:95
[ 1428289ms] [LOG] Component: Text23 @ https://www.epam.com/etc.clientlibs/epam-core/clientlibs/epam-core-internal.lc-247ae6655b829dc4e5a69bea57706b7e-lc.min.js:95
[ 1428289ms] [LOG] Component: Text23 @ https://www.epam.com/etc.clientlibs/epam-core/clientlibs/epam-core-internal.lc-247ae6655b829dc4e5a69bea57706b7e-lc.min.js:95
[ 1428289ms] [LOG] Component: Text23 @ https://www.epam.com/etc.clientlibs/epam-core/clientlibs/epam-core-internal.lc-247ae6655b829dc4e5a69bea57706b7e-lc.min.js:95
[ 1428290ms] [LOG] Component: Text23 @ https://www.epam.com/etc.clientlibs/epam-core/clientlibs/epam-core-internal.lc-247ae6655b829dc4e5a69bea57706b7e-lc.min.js:95
[ 1428290ms] [LOG] Component: Text23 @ https://www.epam.com/etc.clientlibs/epam-core/clientlibs/epam-core-internal.lc-247ae6655b829dc4e5a69bea57706b7e-lc.min.js:95
[ 1428291ms] [LOG] Component: Text23 @ https://www.epam.com/etc.clientlibs/epam-core/clientlibs/epam-core-internal.lc-247ae6655b829dc4e5a69bea57706b7e-lc.min.js:95
[ 1428291ms] [LOG] Component: Text23 @ https://www.epam.com/etc.clientlibs/epam-core/clientlibs/epam-core-internal.lc-247ae6655b829dc4e5a69bea57706b7e-lc.min.js:95
[ 1428291ms] [LOG] Component: Text23 @ https://www.epam.com/etc.clientlibs/epam-core/clientlibs/epam-core-internal.lc-247ae6655b829dc4e5a69bea57706b7e-lc.min.js:95
[ 1428291ms] [LOG] Component: Text23 @ https://www.epam.com/etc.clientlibs/epam-core/clientlibs/epam-core-internal.lc-247ae6655b829dc4e5a69bea57706b7e-lc.min.js:95
[ 1428292ms] [LOG] Component: Text23 @ https://www.epam.com/etc.clientlibs/epam-core/clientlibs/epam-core-internal.lc-247ae6655b829dc4e5a69bea57706b7e-lc.min.js:95
[ 1428292ms] [LOG] Component: Text23 @ https://www.epam.com/etc.clientlibs/epam-core/clientlibs/epam-core-internal.lc-247ae6655b829dc4e5a69bea57706b7e-lc.min.js:95
[ 1428293ms] [LOG] Component: Text23 @ https://www.epam.com/etc.clientlibs/epam-core/clientlibs/epam-core-internal.lc-247ae6655b829dc4e5a69bea57706b7e-lc.min.js:95
[ 1428293ms] [LOG] Component: Text23 @ https://www.epam.com/etc.clientlibs/epam-core/clientlibs/epam-core-internal.lc-247ae6655b829dc4e5a69bea57706b7e-lc.min.js:95
[ 1428294ms] [LOG] Component: Text23 @ https://www.epam.com/etc.clientlibs/epam-core/clientlibs/epam-core-internal.lc-247ae6655b829dc4e5a69bea57706b7e-lc.min.js:95
[ 1428294ms] [LOG] Component: Text23 @ https://www.epam.com/etc.clientlibs/epam-core/clientlibs/epam-core-internal.lc-247ae6655b829dc4e5a69bea57706b7e-lc.min.js:95
[ 1428294ms] [LOG] Component: Text23 @ https://www.epam.com/etc.clientlibs/epam-core/clientlibs/epam-core-internal.lc-247ae6655b829dc4e5a69bea57706b7e-lc.min.js:95
[ 1428295ms] [LOG] Component: Text23 @ https://www.epam.com/etc.clientlibs/epam-core/clientlibs/epam-core-internal.lc-247ae6655b829dc4e5a69bea57706b7e-lc.min.js:95
[ 1428295ms] [LOG] Component: Text23 @ https://www.epam.com/etc.clientlibs/epam-core/clientlibs/epam-core-internal.lc-247ae6655b829dc4e5a69bea57706b7e-lc.min.js:95
[ 1428295ms] [LOG] Component: Text23 @ https://www.epam.com/etc.clientlibs/epam-core/clientlibs/epam-core-internal.lc-247ae6655b829dc4e5a69bea57706b7e-lc.min.js:95
[ 1428296ms] [LOG] Component: Text23 @ https://www.epam.com/etc.clientlibs/epam-core/clientlibs/epam-core-internal.lc-247ae6655b829dc4e5a69bea57706b7e-lc.min.js:95
[ 1428299ms] [LOG] Component: Section @ https://www.epam.com/etc.clientlibs/epam-core/clientlibs/epam-core-internal.lc-247ae6655b829dc4e5a69bea57706b7e-lc.min.js:95
[ 1428300ms] [LOG] Component: Section @ https://www.epam.com/etc.clientlibs/epam-core/clientlibs/epam-core-internal.lc-247ae6655b829dc4e5a69bea57706b7e-lc.min.js:95
[ 1428300ms] [LOG] Component: Section @ https://www.epam.com/etc.clientlibs/epam-core/clientlibs/epam-core-internal.lc-247ae6655b829dc4e5a69bea57706b7e-lc.min.js:95
[ 1428301ms] [LOG] Component: Section @ https://www.epam.com/etc.clientlibs/epam-core/clientlibs/epam-core-internal.lc-247ae6655b829dc4e5a69bea57706b7e-lc.min.js:95
[ 1428301ms] [LOG] Component: Section @ https://www.epam.com/etc.clientlibs/epam-core/clientlibs/epam-core-internal.lc-247ae6655b829dc4e5a69bea57706b7e-lc.min.js:95
[ 1428302ms] [LOG] Component: Section @ https://www.epam.com/etc.clientlibs/epam-core/clientlibs/epam-core-internal.lc-247ae6655b829dc4e5a69bea57706b7e-lc.min.js:95
[ 1428303ms] [LOG] Component: Section @ https://www.epam.com/etc.clientlibs/epam-core/clientlibs/epam-core-internal.lc-247ae6655b829dc4e5a69bea57706b7e-lc.min.js:95
[ 1428303ms] [LOG] Component: Section @ https://www.epam.com/etc.clientlibs/epam-core/clientlibs/epam-core-internal.lc-247ae6655b829dc4e5a69bea57706b7e-lc.min.js:95
[ 1428304ms] [LOG] Component: Section @ https://www.epam.com/etc.clientlibs/epam-core/clientlibs/epam-core-internal.lc-247ae6655b829dc4e5a69bea57706b7e-lc.min.js:95
[ 1428305ms] [LOG] Component: Section @ https://www.epam.com/etc.clientlibs/epam-core/clientlibs/epam-core-internal.lc-247ae6655b829dc4e5a69bea57706b7e-lc.min.js:95
[ 1428305ms] [LOG] Component: Section @ https://www.epam.com/etc.clientlibs/epam-core/clientlibs/epam-core-internal.lc-247ae6655b829dc4e5a69bea57706b7e-lc.min.js:95
[ 1428305ms] [LOG] Component: Section @ https://www.epam.com/etc.clientlibs/epam-core/clientlibs/epam-core-internal.lc-247ae6655b829dc4e5a69bea57706b7e-lc.min.js:95
[ 1428306ms] [LOG] Component: Section @ https://www.epam.com/etc.clientlibs/epam-core/clientlibs/epam-core-internal.lc-247ae6655b829dc4e5a69bea57706b7e-lc.min.js:95
[ 1428306ms] [LOG] Component: Scrolling Infographic 23 @ https://www.epam.com/etc.clientlibs/epam-core/clientlibs/epam-core-internal.lc-247ae6655b829dc4e5a69bea57706b7e-lc.min.js:95
[ 1428307ms] [LOG] Component: Column Control 23 @ https://www.epam.com/etc.clientlibs/epam-core/clientlibs/epam-core-internal.lc-247ae6655b829dc4e5a69bea57706b7e-lc.min.js:95
[ 1428307ms] [LOG] Component: Column Control 23 @ https://www.epam.com/etc.clientlibs/epam-core/clientlibs/epam-core-internal.lc-247ae6655b829dc4e5a69bea57706b7e-lc.min.js:95
[ 1428312ms] [LOG] Component: Tabs-23 @ https://www.epam.com/etc.clientlibs/epam-core/clientlibs/epam-core-internal.lc-247ae6655b829dc4e5a69bea57706b7e-lc.min.js:95
[ 1428326ms] [LOG] Component: Locations Viewer 23 @ https://www.epam.com/etc.clientlibs/epam-core/clientlibs/epam-core-internal.lc-247ae6655b829dc4e5a69bea57706b7e-lc.min.js:95
[ 1428362ms] [LOG] Component: Locations Viewer 23 @ https://www.epam.com/etc.clientlibs/epam-core/clientlibs/epam-core-internal.lc-247ae6655b829dc4e5a69bea57706b7e-lc.min.js:95
[ 1428374ms] [LOG] Component: Locations Viewer 23 @ https://www.epam.com/etc.clientlibs/epam-core/clientlibs/epam-core-internal.lc-247ae6655b829dc4e5a69bea57706b7e-lc.min.js:95
[ 1428375ms] [LOG] Component: Responsive Image 23 @ https://www.epam.com/etc.clientlibs/epam-core/clientlibs/epam-core-internal.lc-247ae6655b829dc4e5a69bea57706b7e-lc.min.js:95
[ 1428376ms] [LOG] Component: Responsive Image 23 @ https://www.epam.com/etc.clientlibs/epam-core/clientlibs/epam-core-internal.lc-247ae6655b829dc4e5a69bea57706b7e-lc.min.js:95
[ 1428377ms] [LOG] Component: Footer23 @ https://www.epam.com/etc.clientlibs/epam-core/clientlibs/epam-core-internal.lc-247ae6655b829dc4e5a69bea57706b7e-lc.min.js:95
[ 1512162ms] [LOG] Component: Header23 @ https://www.epam.com/etc.clientlibs/epam-core/clientlibs/epam-core-internal.lc-247ae6655b829dc4e5a69bea57706b7e-lc.min.js:95
[ 1512162ms] [LOG] Component: Theme Switcher @ https://www.epam.com/etc.clientlibs/epam-core/clientlibs/epam-core-internal.lc-247ae6655b829dc4e5a69bea57706b7e-lc.min.js:95
[ 1512163ms] [LOG] Component: Theme Switcher @ https://www.epam.com/etc.clientlibs/epam-core/clientlibs/epam-core-internal.lc-247ae6655b829dc4e5a69bea57706b7e-lc.min.js:95
[ 1512177ms] [LOG] Component: Hamburger Menu 23 @ https://www.epam.com/etc.clientlibs/epam-core/clientlibs/epam-core-internal.lc-247ae6655b829dc4e5a69bea57706b7e-lc.min.js:95
[ 1512177ms] [LOG] Component: Location Selector Mobile @ https://www.epam.com/etc.clientlibs/epam-core/clientlibs/epam-core-internal.lc-247ae6655b829dc4e5a69bea57706b7e-lc.min.js:95
[ 1512307ms] [LOG] Component: Top Navigation 23 @ https://www.epam.com/etc.clientlibs/epam-core/clientlibs/epam-core-internal.lc-247ae6655b829dc4e5a69bea57706b7e-lc.min.js:95
[ 1512308ms] [LOG] Component: Location Selector @ https://www.epam.com/etc.clientlibs/epam-core/clientlibs/epam-core-internal.lc-247ae6655b829dc4e5a69bea57706b7e-lc.min.js:95
[ 1512309ms] [LOG] Component: Header Search 23 @ https://www.epam.com/etc.clientlibs/epam-core/clientlibs/epam-core-internal.lc-247ae6655b829dc4e5a69bea57706b7e-lc.min.js:95
[ 1512314ms] [LOG] Component: Frequent Searches 23 @ https://www.epam.com/etc.clientlibs/epam-core/clientlibs/epam-core-internal.lc-247ae6655b829dc4e5a69bea57706b7e-lc.min.js:95
[ 1512317ms] [LOG] Component: Slider23 @ https://www.epam.com/etc.clientlibs/epam-core/clientlibs/epam-core-internal.lc-247ae6655b829dc4e5a69bea57706b7e-lc.min.js:95
[ 1512318ms] [LOG] Component: Slider23 @ https://www.epam.com/etc.clientlibs/epam-core/clientlibs/epam-core-internal.lc-247ae6655b829dc4e5a69bea57706b7e-lc.min.js:95
[ 1512318ms] [LOG] Component: Slider23 @ https://www.epam.com/etc.clientlibs/epam-core/clientlibs/epam-core-internal.lc-247ae6655b829dc4e5a69bea57706b7e-lc.min.js:95
[ 1512319ms] [LOG] Component: Slider23 @ https://www.epam.com/etc.clientlibs/epam-core/clientlibs/epam-core-internal.lc-247ae6655b829dc4e5a69bea57706b7e-lc.min.js:95
[ 1512324ms] [LOG] Component: Text23 @ https://www.epam.com/etc.clientlibs/epam-core/clientlibs/epam-core-internal.lc-247ae6655b829dc4e5a69bea57706b7e-lc.min.js:95
[ 1512329ms] [LOG] Component: Text23 @ https://www.epam.com/etc.clientlibs/epam-core/clientlibs/epam-core-internal.lc-247ae6655b829dc4e5a69bea57706b7e-lc.min.js:95
[ 1512333ms] [LOG] Component: Text23 @ https://www.epam.com/etc.clientlibs/epam-core/clientlibs/epam-core-internal.lc-247ae6655b829dc4e5a69bea57706b7e-lc.min.js:95
[ 1512340ms] [LOG] Component: Text23 @ https://www.epam.com/etc.clientlibs/epam-core/clientlibs/epam-core-internal.lc-247ae6655b829dc4e5a69bea57706b7e-lc.min.js:95
[ 1512343ms] [LOG] Component: Text23 @ https://www.epam.com/etc.clientlibs/epam-core/clientlibs/epam-core-internal.lc-247ae6655b829dc4e5a69bea57706b7e-lc.min.js:95
[ 1512348ms] [LOG] Component: Text23 @ https://www.epam.com/etc.clientlibs/epam-core/clientlibs/epam-core-internal.lc-247ae6655b829dc4e5a69bea57706b7e-lc.min.js:95
[ 1512355ms] [LOG] Component: Text23 @ https://www.epam.com/etc.clientlibs/epam-core/clientlibs/epam-core-internal.lc-247ae6655b829dc4e5a69bea57706b7e-lc.min.js:95
[ 1512362ms] [LOG] Component: Text23 @ https://www.epam.com/etc.clientlibs/epam-core/clientlibs/epam-core-internal.lc-247ae6655b829dc4e5a69bea57706b7e-lc.min.js:95
[ 1512363ms] [LOG] Component: Text23 @ https://www.epam.com/etc.clientlibs/epam-core/clientlibs/epam-core-internal.lc-247ae6655b829dc4e5a69bea57706b7e-lc.min.js:95
[ 1512363ms] [LOG] Component: Text23 @ https://www.epam.com/etc.clientlibs/epam-core/clientlibs/epam-core-internal.lc-247ae6655b829dc4e5a69bea57706b7e-lc.min.js:95
[ 1512364ms] [LOG] Component: Text23 @ https://www.epam.com/etc.clientlibs/epam-core/clientlibs/epam-core-internal.lc-247ae6655b829dc4e5a69bea57706b7e-lc.min.js:95
[ 1512364ms] [LOG] Component: Text23 @ https://www.epam.com/etc.clientlibs/epam-core/clientlibs/epam-core-internal.lc-247ae6655b829dc4e5a69bea57706b7e-lc.min.js:95
[ 1512367ms] [LOG] Component: Text23 @ https://www.epam.com/etc.clientlibs/epam-core/clientlibs/epam-core-internal.lc-247ae6655b829dc4e5a69bea57706b7e-lc.min.js:95
[ 1512367ms] [LOG] Component: Text23 @ https://www.epam.com/etc.clientlibs/epam-core/clientlibs/epam-core-internal.lc-247ae6655b829dc4e5a69bea57706b7e-lc.min.js:95
[ 1512370ms] [LOG] Component: Text23 @ https://www.epam.com/etc.clientlibs/epam-core/clientlibs/epam-core-internal.lc-247ae6655b829dc4e5a69bea57706b7e-lc.min.js:95
[ 1512370ms] [LOG] Component: Text23 @ https://www.epam.com/etc.clientlibs/epam-core/clientlibs/epam-core-internal.lc-247ae6655b829dc4e5a69bea57706b7e-lc.min.js:95
[ 1512374ms] [LOG] Component: Text23 @ https://www.epam.com/etc.clientlibs/epam-core/clientlibs/epam-core-internal.lc-247ae6655b829dc4e5a69bea57706b7e-lc.min.js:95
[ 1512374ms] [LOG] Component: Text23 @ https://www.epam.com/etc.clientlibs/epam-core/clientlibs/epam-core-internal.lc-247ae6655b829dc4e5a69bea57706b7e-lc.min.js:95
[ 1512378ms] [LOG] Component: Text23 @ https://www.epam.com/etc.clientlibs/epam-core/clientlibs/epam-core-internal.lc-247ae6655b829dc4e5a69bea57706b7e-lc.min.js:95
[ 1512379ms] [LOG] Component: Text23 @ https://www.epam.com/etc.clientlibs/epam-core/clientlibs/epam-core-internal.lc-247ae6655b829dc4e5a69bea57706b7e-lc.min.js:95
[ 1512383ms] [LOG] Component: Text23 @ https://www.epam.com/etc.clientlibs/epam-core/clientlibs/epam-core-internal.lc-247ae6655b829dc4e5a69bea57706b7e-lc.min.js:95
[ 1512383ms] [LOG] Component: Text23 @ https://www.epam.com/etc.clientlibs/epam-core/clientlibs/epam-core-internal.lc-247ae6655b829dc4e5a69bea57706b7e-lc.min.js:95
[ 1512386ms] [LOG] Component: Text23 @ https://www.epam.com/etc.clientlibs/epam-core/clientlibs/epam-core-internal.lc-247ae6655b829dc4e5a69bea57706b7e-lc.min.js:95
[ 1512386ms] [LOG] Component: Text23 @ https://www.epam.com/etc.clientlibs/epam-core/clientlibs/epam-core-internal.lc-247ae6655b829dc4e5a69bea57706b7e-lc.min.js:95
[ 1512386ms] [LOG] Component: Text23 @ https://www.epam.com/etc.clientlibs/epam-core/clientlibs/epam-core-internal.lc-247ae6655b829dc4e5a69bea57706b7e-lc.min.js:95
[ 1512387ms] [LOG] Component: Text23 @ https://www.epam.com/etc.clientlibs/epam-core/clientlibs/epam-core-internal.lc-247ae6655b829dc4e5a69bea57706b7e-lc.min.js:95
[ 1512387ms] [LOG] Component: Text23 @ https://www.epam.com/etc.clientlibs/epam-core/clientlibs/epam-core-internal.lc-247ae6655b829dc4e5a69bea57706b7e-lc.min.js:95
[ 1512388ms] [LOG] Component: Text23 @ https://www.epam.com/etc.clientlibs/epam-core/clientlibs/epam-core-internal.lc-247ae6655b829dc4e5a69bea57706b7e-lc.min.js:95
[ 1512388ms] [LOG] Component: Text23 @ https://www.epam.com/etc.clientlibs/epam-core/clientlibs/epam-core-internal.lc-247ae6655b829dc4e5a69bea57706b7e-lc.min.js:95
[ 1512388ms] [LOG] Component: Text23 @ https://www.epam.com/etc.clientlibs/epam-core/clientlibs/epam-core-internal.lc-247ae6655b829dc4e5a69bea57706b7e-lc.min.js:95
[ 1512389ms] [LOG] Component: Text23 @ https://www.epam.com/etc.clientlibs/epam-core/clientlibs/epam-core-internal.lc-247ae6655b829dc4e5a69bea57706b7e-lc.min.js:95
[ 1512389ms] [LOG] Component: Text23 @ https://www.epam.com/etc.clientlibs/epam-core/clientlibs/epam-core-internal.lc-247ae6655b829dc4e5a69bea57706b7e-lc.min.js:95
[ 1512389ms] [LOG] Component: Text23 @ https://www.epam.com/etc.clientlibs/epam-core/clientlibs/epam-core-internal.lc-247ae6655b829dc4e5a69bea57706b7e-lc.min.js:95
[ 1512390ms] [LOG] Component: Text23 @ https://www.epam.com/etc.clientlibs/epam-core/clientlibs/epam-core-internal.lc-247ae6655b829dc4e5a69bea57706b7e-lc.min.js:95
[ 1512390ms] [LOG] Component: Text23 @ https://www.epam.com/etc.clientlibs/epam-core/clientlibs/epam-core-internal.lc-247ae6655b829dc4e5a69bea57706b7e-lc.min.js:95
[ 1512390ms] [LOG] Component: Text23 @ https://www.epam.com/etc.clientlibs/epam-core/clientlibs/epam-core-internal.lc-247ae6655b829dc4e5a69bea57706b7e-lc.min.js:95
[ 1512390ms] [LOG] Component: Text23 @ https://www.epam.com/etc.clientlibs/epam-core/clientlibs/epam-core-internal.lc-247ae6655b829dc4e5a69bea57706b7e-lc.min.js:95
[ 1512391ms] [LOG] Component: Text23 @ https://www.epam.com/etc.clientlibs/epam-core/clientlibs/epam-core-internal.lc-247ae6655b829dc4e5a69bea57706b7e-lc.min.js:95
[ 1512391ms] [LOG] Component: Text23 @ https://www.epam.com/etc.clientlibs/epam-core/clientlibs/epam-core-internal.lc-247ae6655b829dc4e5a69bea57706b7e-lc.min.js:95
[ 1512391ms] [LOG] Component: Text23 @ https://www.epam.com/etc.clientlibs/epam-core/clientlibs/epam-core-internal.lc-247ae6655b829dc4e5a69bea57706b7e-lc.min.js:95
[ 1512392ms] [LOG] Component: Text23 @ https://www.epam.com/etc.clientlibs/epam-core/clientlibs/epam-core-internal.lc-247ae6655b829dc4e5a69bea57706b7e-lc.min.js:95
[ 1512393ms] [LOG] Component: Text23 @ https://www.epam.com/etc.clientlibs/epam-core/clientlibs/epam-core-internal.lc-247ae6655b829dc4e5a69bea57706b7e-lc.min.js:95
[ 1512393ms] [LOG] Component: Text23 @ https://www.epam.com/etc.clientlibs/epam-core/clientlibs/epam-core-internal.lc-247ae6655b829dc4e5a69bea57706b7e-lc.min.js:95
[ 1512393ms] [LOG] Component: Text23 @ https://www.epam.com/etc.clientlibs/epam-core/clientlibs/epam-core-internal.lc-247ae6655b829dc4e5a69bea57706b7e-lc.min.js:95
[ 1512394ms] [LOG] Component: Text23 @ https://www.epam.com/etc.clientlibs/epam-core/clientlibs/epam-core-internal.lc-247ae6655b829dc4e5a69bea57706b7e-lc.min.js:95
[ 1512394ms] [LOG] Component: Text23 @ https://www.epam.com/etc.clientlibs/epam-core/clientlibs/epam-core-internal.lc-247ae6655b829dc4e5a69bea57706b7e-lc.min.js:95
[ 1512394ms] [LOG] Component: Text23 @ https://www.epam.com/etc.clientlibs/epam-core/clientlibs/epam-core-internal.lc-247ae6655b829dc4e5a69bea57706b7e-lc.min.js:95
[ 1512394ms] [LOG] Component: Text23 @ https://www.epam.com/etc.clientlibs/epam-core/clientlibs/epam-core-internal.lc-247ae6655b829dc4e5a69bea57706b7e-lc.min.js:95
[ 1512395ms] [LOG] Component: Text23 @ https://www.epam.com/etc.clientlibs/epam-core/clientlibs/epam-core-internal.lc-247ae6655b829dc4e5a69bea57706b7e-lc.min.js:95
[ 1512395ms] [LOG] Component: Text23 @ https://www.epam.com/etc.clientlibs/epam-core/clientlibs/epam-core-internal.lc-247ae6655b829dc4e5a69bea57706b7e-lc.min.js:95
[ 1512395ms] [LOG] Component: Text23 @ https://www.epam.com/etc.clientlibs/epam-core/clientlibs/epam-core-internal.lc-247ae6655b829dc4e5a69bea57706b7e-lc.min.js:95
[ 1512395ms] [LOG] Component: Text23 @ https://www.epam.com/etc.clientlibs/epam-core/clientlibs/epam-core-internal.lc-247ae6655b829dc4e5a69bea57706b7e-lc.min.js:95
[ 1512396ms] [LOG] Component: Text23 @ https://www.epam.com/etc.clientlibs/epam-core/clientlibs/epam-core-internal.lc-247ae6655b829dc4e5a69bea57706b7e-lc.min.js:95
[ 1512396ms] [LOG] Component: Text23 @ https://www.epam.com/etc.clientlibs/epam-core/clientlibs/epam-core-internal.lc-247ae6655b829dc4e5a69bea57706b7e-lc.min.js:95
[ 1512396ms] [LOG] Component: Text23 @ https://www.epam.com/etc.clientlibs/epam-core/clientlibs/epam-core-internal.lc-247ae6655b829dc4e5a69bea57706b7e-lc.min.js:95
[ 1512396ms] [LOG] Component: Text23 @ https://www.epam.com/etc.clientlibs/epam-core/clientlibs/epam-core-internal.lc-247ae6655b829dc4e5a69bea57706b7e-lc.min.js:95
[ 1512397ms] [LOG] Component: Text23 @ https://www.epam.com/etc.clientlibs/epam-core/clientlibs/epam-core-internal.lc-247ae6655b829dc4e5a69bea57706b7e-lc.min.js:95
[ 1512397ms] [LOG] Component: Text23 @ https://www.epam.com/etc.clientlibs/epam-core/clientlibs/epam-core-internal.lc-247ae6655b829dc4e5a69bea57706b7e-lc.min.js:95
[ 1512398ms] [LOG] Component: Text23 @ https://www.epam.com/etc.clientlibs/epam-core/clientlibs/epam-core-internal.lc-247ae6655b829dc4e5a69bea57706b7e-lc.min.js:95
[ 1512398ms] [LOG] Component: Text23 @ https://www.epam.com/etc.clientlibs/epam-core/clientlibs/epam-core-internal.lc-247ae6655b829dc4e5a69bea57706b7e-lc.min.js:95
[ 1512398ms] [LOG] Component: Text23 @ https://www.epam.com/etc.clientlibs/epam-core/clientlibs/epam-core-internal.lc-247ae6655b829dc4e5a69bea57706b7e-lc.min.js:95
[ 1512399ms] [LOG] Component: Text23 @ https://www.epam.com/etc.clientlibs/epam-core/clientlibs/epam-core-internal.lc-247ae6655b829dc4e5a69bea57706b7e-lc.min.js:95
[ 1512399ms] [LOG] Component: Text23 @ https://www.epam.com/etc.clientlibs/epam-core/clientlibs/epam-core-internal.lc-247ae6655b829dc4e5a69bea57706b7e-lc.min.js:95
[ 1512400ms] [LOG] Component: Text23 @ https://www.epam.com/etc.clientlibs/epam-core/clientlibs/epam-core-internal.lc-247ae6655b829dc4e5a69bea57706b7e-lc.min.js:95
[ 1512403ms] [LOG] Component: Section @ https://www.epam.com/etc.clientlibs/epam-core/clientlibs/epam-core-internal.lc-247ae6655b829dc4e5a69bea57706b7e-lc.min.js:95
[ 1512403ms] [LOG] Component: Section @ https://www.epam.com/etc.clientlibs/epam-core/clientlibs/epam-core-internal.lc-247ae6655b829dc4e5a69bea57706b7e-lc.min.js:95
[ 1512404ms] [LOG] Component: Section @ https://www.epam.com/etc.clientlibs/epam-core/clientlibs/epam-core-internal.lc-247ae6655b829dc4e5a69bea57706b7e-lc.min.js:95
[ 1512405ms] [LOG] Component: Section @ https://www.epam.com/etc.clientlibs/epam-core/clientlibs/epam-core-internal.lc-247ae6655b829dc4e5a69bea57706b7e-lc.min.js:95
[ 1512405ms] [LOG] Component: Section @ https://www.epam.com/etc.clientlibs/epam-core/clientlibs/epam-core-internal.lc-247ae6655b829dc4e5a69bea57706b7e-lc.min.js:95
[ 1512406ms] [LOG] Component: Section @ https://www.epam.com/etc.clientlibs/epam-core/clientlibs/epam-core-internal.lc-247ae6655b829dc4e5a69bea57706b7e-lc.min.js:95
[ 1512407ms] [LOG] Component: Section @ https://www.epam.com/etc.clientlibs/epam-core/clientlibs/epam-core-internal.lc-247ae6655b829dc4e5a69bea57706b7e-lc.min.js:95
[ 1512407ms] [LOG] Component: Section @ https://www.epam.com/etc.clientlibs/epam-core/clientlibs/epam-core-internal.lc-247ae6655b829dc4e5a69bea57706b7e-lc.min.js:95
[ 1512408ms] [LOG] Component: Section @ https://www.epam.com/etc.clientlibs/epam-core/clientlibs/epam-core-internal.lc-247ae6655b829dc4e5a69bea57706b7e-lc.min.js:95
[ 1512409ms] [LOG] Component: Section @ https://www.epam.com/etc.clientlibs/epam-core/clientlibs/epam-core-internal.lc-247ae6655b829dc4e5a69bea57706b7e-lc.min.js:95
[ 1512409ms] [LOG] Component: Section @ https://www.epam.com/etc.clientlibs/epam-core/clientlibs/epam-core-internal.lc-247ae6655b829dc4e5a69bea57706b7e-lc.min.js:95
[ 1512409ms] [LOG] Component: Section @ https://www.epam.com/etc.clientlibs/epam-core/clientlibs/epam-core-internal.lc-247ae6655b829dc4e5a69bea57706b7e-lc.min.js:95
[ 1512410ms] [LOG] Component: Section @ https://www.epam.com/etc.clientlibs/epam-core/clientlibs/epam-core-internal.lc-247ae6655b829dc4e5a69bea57706b7e-lc.min.js:95
[ 1512411ms] [LOG] Component: Scrolling Infographic 23 @ https://www.epam.com/etc.clientlibs/epam-core/clientlibs/epam-core-internal.lc-247ae6655b829dc4e5a69bea57706b7e-lc.min.js:95
[ 1512412ms] [LOG] Component: Column Control 23 @ https://www.epam.com/etc.clientlibs/epam-core/clientlibs/epam-core-internal.lc-247ae6655b829dc4e5a69bea57706b7e-lc.min.js:95
[ 1512412ms] [LOG] Component: Column Control 23 @ https://www.epam.com/etc.clientlibs/epam-core/clientlibs/epam-core-internal.lc-247ae6655b829dc4e5a69bea57706b7e-lc.min.js:95
[ 1512417ms] [LOG] Component: Tabs-23 @ https://www.epam.com/etc.clientlibs/epam-core/clientlibs/epam-core-internal.lc-247ae6655b829dc4e5a69bea57706b7e-lc.min.js:95
[ 1512440ms] [LOG] Component: Locations Viewer 23 @ https://www.epam.com/etc.clientlibs/epam-core/clientlibs/epam-core-internal.lc-247ae6655b829dc4e5a69bea57706b7e-lc.min.js:95
[ 1512483ms] [LOG] Component: Locations Viewer 23 @ https://www.epam.com/etc.clientlibs/epam-core/clientlibs/epam-core-internal.lc-247ae6655b829dc4e5a69bea57706b7e-lc.min.js:95
[ 1512498ms] [LOG] Component: Locations Viewer 23 @ https://www.epam.com/etc.clientlibs/epam-core/clientlibs/epam-core-internal.lc-247ae6655b829dc4e5a69bea57706b7e-lc.min.js:95
[ 1512499ms] [LOG] Component: Responsive Image 23 @ https://www.epam.com/etc.clientlibs/epam-core/clientlibs/epam-core-internal.lc-247ae6655b829dc4e5a69bea57706b7e-lc.min.js:95
[ 1512500ms] [LOG] Component: Responsive Image 23 @ https://www.epam.com/etc.clientlibs/epam-core/clientlibs/epam-core-internal.lc-247ae6655b829dc4e5a69bea57706b7e-lc.min.js:95
[ 1512501ms] [LOG] Component: Footer23 @ https://www.epam.com/etc.clientlibs/epam-core/clientlibs/epam-core-internal.lc-247ae6655b829dc4e5a69bea57706b7e-lc.min.js:95
